Archive member included to satisfy reference by file (symbol)

E:/BTVN/Nam 3/Vi xu ly/STM32CubeIDE_1.7.0/STM32CubeIDE/plugins/com.st.stm32cube.ide.mcu.externaltools.gnu-tools-for-stm32.12.3.rel1.win32_1.0.200.202406191623/tools/bin/../lib/gcc/arm-none-eabi/12.3.1/../../../../arm-none-eabi/lib/thumb/v7e-m+fp/hard\libc_nano.a(libc_a-exit.o)
                              E:/BTVN/Nam 3/Vi xu ly/STM32CubeIDE_1.7.0/STM32CubeIDE/plugins/com.st.stm32cube.ide.mcu.externaltools.gnu-tools-for-stm32.12.3.rel1.win32_1.0.200.202406191623/tools/bin/../lib/gcc/arm-none-eabi/12.3.1/../../../../arm-none-eabi/lib/thumb/v7e-m+fp/hard/crt0.o (exit)
E:/BTVN/Nam 3/Vi xu ly/STM32CubeIDE_1.7.0/STM32CubeIDE/plugins/com.st.stm32cube.ide.mcu.externaltools.gnu-tools-for-stm32.12.3.rel1.win32_1.0.200.202406191623/tools/bin/../lib/gcc/arm-none-eabi/12.3.1/../../../../arm-none-eabi/lib/thumb/v7e-m+fp/hard\libc_nano.a(libc_a-findfp.o)
                              E:/BTVN/Nam 3/Vi xu ly/STM32CubeIDE_1.7.0/STM32CubeIDE/plugins/com.st.stm32cube.ide.mcu.externaltools.gnu-tools-for-stm32.12.3.rel1.win32_1.0.200.202406191623/tools/bin/../lib/gcc/arm-none-eabi/12.3.1/../../../../arm-none-eabi/lib/thumb/v7e-m+fp/hard\libc_nano.a(libc_a-exit.o) (__stdio_exit_handler)
E:/BTVN/Nam 3/Vi xu ly/STM32CubeIDE_1.7.0/STM32CubeIDE/plugins/com.st.stm32cube.ide.mcu.externaltools.gnu-tools-for-stm32.12.3.rel1.win32_1.0.200.202406191623/tools/bin/../lib/gcc/arm-none-eabi/12.3.1/../../../../arm-none-eabi/lib/thumb/v7e-m+fp/hard\libc_nano.a(libc_a-fwalk.o)
                              E:/BTVN/Nam 3/Vi xu ly/STM32CubeIDE_1.7.0/STM32CubeIDE/plugins/com.st.stm32cube.ide.mcu.externaltools.gnu-tools-for-stm32.12.3.rel1.win32_1.0.200.202406191623/tools/bin/../lib/gcc/arm-none-eabi/12.3.1/../../../../arm-none-eabi/lib/thumb/v7e-m+fp/hard\libc_nano.a(libc_a-findfp.o) (_fwalk_sglue)
E:/BTVN/Nam 3/Vi xu ly/STM32CubeIDE_1.7.0/STM32CubeIDE/plugins/com.st.stm32cube.ide.mcu.externaltools.gnu-tools-for-stm32.12.3.rel1.win32_1.0.200.202406191623/tools/bin/../lib/gcc/arm-none-eabi/12.3.1/../../../../arm-none-eabi/lib/thumb/v7e-m+fp/hard\libc_nano.a(libc_a-stdio.o)
                              E:/BTVN/Nam 3/Vi xu ly/STM32CubeIDE_1.7.0/STM32CubeIDE/plugins/com.st.stm32cube.ide.mcu.externaltools.gnu-tools-for-stm32.12.3.rel1.win32_1.0.200.202406191623/tools/bin/../lib/gcc/arm-none-eabi/12.3.1/../../../../arm-none-eabi/lib/thumb/v7e-m+fp/hard\libc_nano.a(libc_a-findfp.o) (__sread)
E:/BTVN/Nam 3/Vi xu ly/STM32CubeIDE_1.7.0/STM32CubeIDE/plugins/com.st.stm32cube.ide.mcu.externaltools.gnu-tools-for-stm32.12.3.rel1.win32_1.0.200.202406191623/tools/bin/../lib/gcc/arm-none-eabi/12.3.1/../../../../arm-none-eabi/lib/thumb/v7e-m+fp/hard\libc_nano.a(libc_a-memset.o)
                              E:/BTVN/Nam 3/Vi xu ly/STM32CubeIDE_1.7.0/STM32CubeIDE/plugins/com.st.stm32cube.ide.mcu.externaltools.gnu-tools-for-stm32.12.3.rel1.win32_1.0.200.202406191623/tools/bin/../lib/gcc/arm-none-eabi/12.3.1/../../../../arm-none-eabi/lib/thumb/v7e-m+fp/hard/crt0.o (memset)
E:/BTVN/Nam 3/Vi xu ly/STM32CubeIDE_1.7.0/STM32CubeIDE/plugins/com.st.stm32cube.ide.mcu.externaltools.gnu-tools-for-stm32.12.3.rel1.win32_1.0.200.202406191623/tools/bin/../lib/gcc/arm-none-eabi/12.3.1/../../../../arm-none-eabi/lib/thumb/v7e-m+fp/hard\libc_nano.a(libc_a-strcat.o)
                              ./Core/Src/clock.o (strcat)
E:/BTVN/Nam 3/Vi xu ly/STM32CubeIDE_1.7.0/STM32CubeIDE/plugins/com.st.stm32cube.ide.mcu.externaltools.gnu-tools-for-stm32.12.3.rel1.win32_1.0.200.202406191623/tools/bin/../lib/gcc/arm-none-eabi/12.3.1/../../../../arm-none-eabi/lib/thumb/v7e-m+fp/hard\libc_nano.a(libc_a-closer.o)
                              E:/BTVN/Nam 3/Vi xu ly/STM32CubeIDE_1.7.0/STM32CubeIDE/plugins/com.st.stm32cube.ide.mcu.externaltools.gnu-tools-for-stm32.12.3.rel1.win32_1.0.200.202406191623/tools/bin/../lib/gcc/arm-none-eabi/12.3.1/../../../../arm-none-eabi/lib/thumb/v7e-m+fp/hard\libc_nano.a(libc_a-stdio.o) (_close_r)
E:/BTVN/Nam 3/Vi xu ly/STM32CubeIDE_1.7.0/STM32CubeIDE/plugins/com.st.stm32cube.ide.mcu.externaltools.gnu-tools-for-stm32.12.3.rel1.win32_1.0.200.202406191623/tools/bin/../lib/gcc/arm-none-eabi/12.3.1/../../../../arm-none-eabi/lib/thumb/v7e-m+fp/hard\libc_nano.a(libc_a-reent.o)
                              E:/BTVN/Nam 3/Vi xu ly/STM32CubeIDE_1.7.0/STM32CubeIDE/plugins/com.st.stm32cube.ide.mcu.externaltools.gnu-tools-for-stm32.12.3.rel1.win32_1.0.200.202406191623/tools/bin/../lib/gcc/arm-none-eabi/12.3.1/../../../../arm-none-eabi/lib/thumb/v7e-m+fp/hard\libc_nano.a(libc_a-closer.o) (errno)
E:/BTVN/Nam 3/Vi xu ly/STM32CubeIDE_1.7.0/STM32CubeIDE/plugins/com.st.stm32cube.ide.mcu.externaltools.gnu-tools-for-stm32.12.3.rel1.win32_1.0.200.202406191623/tools/bin/../lib/gcc/arm-none-eabi/12.3.1/../../../../arm-none-eabi/lib/thumb/v7e-m+fp/hard\libc_nano.a(libc_a-impure.o)
[...]
Memory Configuration

Name             Origin             Length             Attributes
CCMRAM           0x10000000         0x00010000         xrw
RAM              0x20000000         0x00020000         xrw
FLASH            0x08000000         0x00100000         xr
*default*        0x00000000         0xffffffff

Linker script and memory map

LOAD E:/BTVN/Nam 3/Vi xu ly/STM32CubeIDE_1.7.0/STM32CubeIDE/plugins/com.st.stm32cube.ide.mcu.externaltools.gnu-tools-for-stm32.12.3.rel1.win32_1.0.200.202406191623/tools/bin/../lib/gcc/arm-none-eabi/12.3.1/thumb/v7e-m+fp/hard/crti.o
LOAD E:/BTVN/Nam 3/Vi xu ly/STM32CubeIDE_1.7.0/STM32CubeIDE/plugins/com.st.stm32cube.ide.mcu.externaltools.gnu-tools-for-stm32.12.3.rel1.win32_1.0.200.202406191623/tools/bin/../lib/gcc/arm-none-eabi/12.3.1/thumb/v7e-m+fp/hard/crtbegin.o
LOAD E:/BTVN/Nam 3/Vi xu ly/STM32CubeIDE_1.7.0/STM32CubeIDE/plugins/com.st.stm32cube.ide.mcu.externaltools.gnu-tools-for-stm32.12.3.rel1.win32_1.0.200.202406191623/tools/bin/../lib/gcc/arm-none-eabi/12.3.1/../../../../arm-none-eabi/lib/thumb/v7e-m+fp/hard/crt0.o
LOAD ./Core/Src/button.o
LOAD ./Core/Src/clock.o
LOAD ./Core/Src/ds3231.o
LOAD ./Core/Src/fsmc.o
LOAD ./Core/Src/gpio.o
LOAD ./Core/Src/i2c.o
LOAD ./Core/Src/lcd.o
LOAD ./Core/Src/led_7seg.o
LOAD ./Core/Src/main.o
LOAD ./Core/Src/picture.o
LOAD ./Core/Src/software_timer.o
LOAD ./Core/Src/spi.o
LOAD ./Core/Src/stm32f4xx_hal_msp.o
LOAD ./Core/Src/stm32f4xx_it.o
LOAD ./Core/Src/syscalls.o
LOAD ./Core/Src/sysmem.o
LOAD ./Core/Src/system_stm32f4xx.o
LOAD ./Core/Src/tim.o
LOAD ./Core/Src/utils.o
LOAD ./Core/Startup/startup_stm32f407zetx.o
LOAD ./Drivers/STM32F4xx_HAL_Driver/Src/stm32f4xx_hal.o
LOAD ./Drivers/STM32F4xx_HAL_Driver/Src/stm32f4xx_hal_cortex.o
LOAD ./Drivers/STM32F4xx_HAL_Driver/Src/stm32f4xx_hal_dma.o
LOAD ./Drivers/STM32F4xx_HAL_Driver/Src/stm32f4xx_hal_dma_ex.o
LOAD ./Drivers/STM32F4xx_HAL_Driver/Src/stm32f4xx_hal_exti.o
LOAD ./Drivers/STM32F4xx_HAL_Driver/Src/stm32f4xx_hal_flash.o
LOAD ./Drivers/STM32F4xx_HAL_Driver/Src/stm32f4xx_hal_flash_ex.o
LOAD ./Drivers/STM32F4xx_HAL_Driver/Src/stm32f4xx_hal_flash_ramfunc.o
LOAD ./Drivers/STM32F4xx_HAL_Driver/Src/stm32f4xx_hal_gpio.o
LOAD ./Drivers/STM32F4xx_HAL_Driver/Src/stm32f4xx_hal_i2c.o
LOAD ./Drivers/STM32F4xx_HAL_Driver/Src/stm32f4xx_hal_i2c_ex.o
LOAD ./Drivers/STM32F4xx_HAL_Driver/Src/stm32f4xx_hal_pwr.o
LOAD ./Drivers/STM32F4xx_HAL_Driver/Src/stm32f4xx_hal_pwr_ex.o
LOAD ./Drivers/STM32F4xx_HAL_Driver/Src/stm32f4xx_hal_rcc.o
LOAD ./Drivers/STM32F4xx_HAL_Driver/Src/stm32f4xx_hal_rcc_ex.o
LOAD ./Drivers/STM32F4xx_HAL_Driver/Src/stm32f4xx_hal_spi.o
LOAD ./Drivers/STM32F4xx_HAL_Driver/Src/stm32f4xx_hal_sram.o
LOAD ./Drivers/STM32F4xx_HAL_Driver/Src/stm32f4xx_hal_tim.o
LOAD ./Drivers/STM32F4xx_HAL_Driver/Src/stm32f4xx_hal_tim_ex.o
LOAD ./Drivers/STM32F4xx_HAL_Driver/Src/stm32f4xx_ll_fsmc.o
START GROUP
LOAD E:/BTVN/Nam 3/Vi xu ly/STM32CubeIDE_1.7.0/STM32CubeIDE/plugins/com.st.stm32cube.ide.mcu.externaltools.gnu-tools-for-stm32.12.3.rel1.win32_1.0.200.202406191623/tools/bin/../lib/gcc/arm-none-eabi/12.3.1/../../../../arm-none-eabi/lib/thumb/v7e-m+fp/hard\libc_nano.a
LOAD E:/BTVN/Nam 3/Vi xu ly/STM32CubeIDE_1.7.0/STM32CubeIDE/plugins/com.st.stm32cube.ide.mcu.externaltools.gnu-tools-for-stm32.12.3.rel1.win32_1.0.200.202406191623/tools/bin/../lib/gcc/arm-none-eabi/12.3.1/../../../../arm-none-eabi/lib/thumb/v7e-m+fp/hard\libm.a
END GROUP
START GROUP
LOAD E:/BTVN/Nam 3/Vi xu ly/STM32CubeIDE_1.7.0/STM32CubeIDE/plugins/com.st.stm32cube.ide.mcu.externaltools.gnu-tools-for-stm32.12.3.rel1.win32_1.0.200.202406191623/tools/bin/../lib/gcc/arm-none-eabi/12.3.1/thumb/v7e-m+fp/hard\libgcc.a
LOAD E:/BTVN/Nam 3/Vi xu ly/STM32CubeIDE_1.7.0/STM32CubeIDE/plugins/com.st.stm32cube.ide.mcu.externaltools.gnu-tools-for-stm32.12.3.rel1.win32_1.0.200.202406191623/tools/bin/../lib/gcc/arm-none-eabi/12.3.1/../../../../arm-none-eabi/lib/thumb/v7e-m+fp/hard\libc_nano.a
END GROUP
START GROUP
LOAD E:/BTVN/Nam 3/Vi xu ly/STM32CubeIDE_1.7.0/STM32CubeIDE/plugins/com.st.stm32cube.ide.mcu.externaltools.gnu-tools-for-stm32.12.3.rel1.win32_1.0.200.202406191623/tools/bin/../lib/gcc/arm-none-eabi/12.3.1/thumb/v7e-m+fp/hard\libgcc.a
LOAD E:/BTVN/Nam 3/Vi xu ly/STM32CubeIDE_1.7.0/STM32CubeIDE/plugins/com.st.stm32cube.ide.mcu.externaltools.gnu-tools-for-stm32.12.3.rel1.win32_1.0.200.202406191623/tools/bin/../lib/gcc/arm-none-eabi/12.3.1/../../../../arm-none-eabi/lib/thumb/v7e-m+fp/hard\libc_nano.a
LOAD E:/BTVN/Nam 3/Vi xu ly/STM32CubeIDE_1.7.0/STM32CubeIDE/plugins/com.st.stm32cube.ide.mcu.externaltools.gnu-tools-for-stm32.12.3.rel1.win32_1.0.200.202406191623/tools/bin/../lib/gcc/arm-none-eabi/12.3.1/../../../../arm-none-eabi/lib/thumb/v7e-m+fp/hard\libnosys.a
END GROUP
START GROUP
LOAD E:/BTVN/Nam 3/Vi xu ly/STM32CubeIDE_1.7.0/STM32CubeIDE/plugins/com.st.stm32cube.ide.mcu.externaltools.gnu-tools-for-stm32.12.3.rel1.win32_1.0.200.202406191623/tools/bin/../lib/gcc/arm-none-eabi/12.3.1/thumb/v7e-m+fp/hard\libgcc.a
LOAD E:/BTVN/Nam 3/Vi xu ly/STM32CubeIDE_1.7.0/STM32CubeIDE/plugins/com.st.stm32cube.ide.mcu.externaltools.gnu-tools-for-stm32.12.3.rel1.win32_1.0.200.202406191623/tools/bin/../lib/gcc/arm-none-eabi/12.3.1/../../../../arm-none-eabi/lib/thumb/v7e-m+fp/hard\libc_nano.a
LOAD E:/BTVN/Nam 3/Vi xu ly/STM32CubeIDE_1.7.0/STM32CubeIDE/plugins/com.st.stm32cube.ide.mcu.externaltools.gnu-tools-for-stm32.12.3.rel1.win32_1.0.200.202406191623/tools/bin/../lib/gcc/arm-none-eabi/12.3.1/../../../../arm-none-eabi/lib/thumb/v7e-m+fp/hard\libnosys.a
END GROUP
LOAD E:/BTVN/Nam 3/Vi xu ly/STM32CubeIDE_1.7.0/STM32CubeIDE/plugins/com.st.stm32cube.ide.mcu.externaltools.gnu-tools-for-stm32.12.3.rel1.win32_1.0.200.202406191623/tools/bin/../lib/gcc/arm-none-eabi/12.3.1/thumb/v7e-m+fp/hard/crtend.o
LOAD E:/BTVN/Nam 3/Vi xu ly/STM32CubeIDE_1.7.0/STM32CubeIDE/plugins/com.st.stm32cube.ide.mcu.externaltools.gnu-tools-for-stm32.12.3.rel1.win32_1.0.200.202406191623/tools/bin/../lib/gcc/arm-none-eabi/12.3.1/thumb/v7e-m+fp/hard/crtn.o
                0x20020000                        _estack = (ORIGIN (RAM) + LENGTH (RAM))
                0x00000200                        _Min_Heap_Size = 0x200
                0x00000400                        _Min_Stack_Size = 0x400

.isr_vector     0x08000000      0x188
                0x08000000                        . = ALIGN (0x4)
 *(.isr_vector)
 .isr_vector    0x08000000      0x188 ./Core/Startup/startup_stm32f407zetx.o
                0x08000000                g_pfnVectors
                0x08000188                        . = ALIGN (0x4)

.text           0x08000188     0x613c
                0x08000188                        . = ALIGN (0x4)
 *(.text)
 .text          0x08000188       0x40 E:/BTVN/Nam 3/Vi xu ly/STM32CubeIDE_1.7.0/STM32CubeIDE/plugins/com.st.stm32cube.ide.mcu.externaltools.gnu-tools-for-stm32.12.3.rel1.win32_1.0.200.202406191623/tools/bin/../lib/gcc/arm-none-eabi/12.3.1/thumb/v7e-m+fp/hard/crtbegin.o
 .text          0x080001c8       0x10 E:/BTVN/Nam 3/Vi xu ly/STM32CubeIDE_1.7.0/STM32CubeIDE/plugins/com.st.stm32cube.ide.mcu.externaltools.gnu-tools-for-stm32.12.3.rel1.win32_1.0.200.202406191623/tools/bin/../lib/gcc/arm-none-eabi/12.3.1/../../../../arm-none-eabi/lib/thumb/v7e-m+fp/hard\libc_nano.a(libc_a-strlen.o)
                0x080001c8                strlen
 .text          0x080001d8       0x30 E:/BTVN/Nam 3/Vi xu ly/STM32CubeIDE_1.7.0/STM32CubeIDE/plugins/com.st.stm32cube.ide.mcu.externaltools.gnu-tools-for-stm32.12.3.rel1.win32_1.0.200.202406191623/tools/bin/../lib/gcc/arm-none-eabi/12.3.1/thumb/v7e-m+fp/hard\libgcc.a(_aeabi_uldivmod.o)
                0x080001d8                __aeabi_uldivmod
 .text          0x08000208      0x2bc E:/BTVN/Nam 3/Vi xu ly/STM32CubeIDE_1.7.0/STM32CubeIDE/plugins/com.st.stm32cube.ide.mcu.externaltools.gnu-tools-for-stm32.12.3.rel1.win32_1.0.200.202406191623/tools/bin/../lib/gcc/arm-none-eabi/12.3.1/thumb/v7e-m+fp/hard\libgcc.a(_udivmoddi4.o)
                0x08000208                __udivmoddi4
 .text          0x080004c4        0x4 E:/BTVN/Nam 3/Vi xu ly/STM32CubeIDE_1.7.0/STM32CubeIDE/plugins/com.st.stm32cube.ide.mcu.externaltools.gnu-tools-for-stm32.12.3.rel1.win32_1.0.200.202406191623/tools/bin/../lib/gcc/arm-none-eabi/12.3.1/thumb/v7e-m+fp/hard\libgcc.a(_dvmd_tls.o)
                0x080004c4                __aeabi_idiv0
                0x080004c4                __aeabi_ldiv0
 *(.text*)
 .text.button_init
                0x080004c8       0x18 ./Core/Src/button.o
                0x080004c8                button_init
 .text.button_Scan
                0x080004e0       0xd8 ./Core/Src/button.o
                0x080004e0                button_Scan
 .text.ChangeValue
                0x080005b8      0x18c ./Core/Src/clock.o
                0x080005b8                ChangeValue
 .text.ApplyChange
                0x08000744       0x78 ./Core/Src/clock.o
                0x08000744                ApplyChange
 .text.ChangeAlarm
                0x080007bc       0x60 ./Core/Src/clock.o
                0x080007bc                ChangeAlarm
 .text.fsm      0x0800081c      0x25c ./Core/Src/clock.o
                0x0800081c                fsm
 .text.ds3231_init
                0x08000a78       0x88 ./Core/Src/ds3231.o
                0x08000a78                ds3231_init
 .text.ds3231_Write
                0x08000b00       0x44 ./Core/Src/ds3231.o
                0x08000b00                ds3231_Write
 .text.ds3231_ReadTime
                0x08000b44       0xc8 ./Core/Src/ds3231.o
                0x08000b44                ds3231_ReadTime
 .text.MX_FSMC_Init
                0x08000c0c       0xf4 ./Core/Src/fsmc.o
                0x08000c0c                MX_FSMC_Init
 .text.HAL_FSMC_MspInit
                0x08000d00       0x98 ./Core/Src/fsmc.o
 .text.HAL_SRAM_MspInit
                0x08000d98       0x14 ./Core/Src/fsmc.o
                0x08000d98                HAL_SRAM_MspInit
 .text.MX_GPIO_Init
                0x08000dac      0x1f0 ./Core/Src/gpio.o
                0x08000dac                MX_GPIO_Init
 .text.MX_I2C1_Init
                0x08000f9c       0x5c ./Core/Src/i2c.o
                0x08000f9c                MX_I2C1_Init
 .text.HAL_I2C_MspInit
                0x08000ff8       0x90 ./Core/Src/i2c.o
                0x08000ff8                HAL_I2C_MspInit
 .text.LCD_WR_REG
                0x08001088       0x20 ./Core/Src/lcd.o
                0x08001088                LCD_WR_REG
 .text.LCD_WR_DATA
                0x080010a8       0x20 ./Core/Src/lcd.o
                0x080010a8                LCD_WR_DATA
 .text.LCD_RD_DATA
                0x080010c8       0x24 ./Core/Src/lcd.o
                0x080010c8                LCD_RD_DATA
 .text.lcd_AddressSet
                0x080010ec       0x98 ./Core/Src/lcd.o
                0x080010ec                lcd_AddressSet
 .text.lcd_Clear
                0x08001184       0x74 ./Core/Src/lcd.o
                0x08001184                lcd_Clear
 .text.lcd_Fill
                0x080011f8       0x6c ./Core/Src/lcd.o
                0x080011f8                lcd_Fill
 .text.lcd_DrawPoint
                0x08001264       0x2e ./Core/Src/lcd.o
                0x08001264                lcd_DrawPoint
 *fill*         0x08001292        0x2 
 .text.lcd_ShowChar
                0x08001294      0x1a0 ./Core/Src/lcd.o
                0x08001294                lcd_ShowChar
 .text.mypow    0x08001434       0x38 ./Core/Src/lcd.o
                0x08001434                mypow
 .text.lcd_ShowIntNum
                0x0800146c       0xfc ./Core/Src/lcd.o
                0x0800146c                lcd_ShowIntNum
 .text.lcd_SetDir
                0x08001568       0x48 ./Core/Src/lcd.o
                0x08001568                lcd_SetDir
 .text.lcd_init
                0x080015b0      0x2c0 ./Core/Src/lcd.o
                0x080015b0                lcd_init
 .text.lcd_ShowStr
                0x08001870       0xc8 ./Core/Src/lcd.o
                0x08001870                lcd_ShowStr
 .text.lcd_StrCenter
                0x08001938       0x64 ./Core/Src/lcd.o
                0x08001938                lcd_StrCenter
 .text.led7_init
                0x0800199c       0x18 ./Core/Src/led_7seg.o
                0x0800199c                led7_init
 .text.led7_Scan
                0x080019b4      0x118 ./Core/Src/led_7seg.o
                0x080019b4                led7_Scan
 .text.main     0x08001acc       0xc0 ./Core/Src/main.o
                0x08001acc                main
 .text.SystemClock_Config
                0x08001b8c       0xd4 ./Core/Src/main.o
                0x08001b8c                SystemClock_Config
 .text.system_init
                0x08001c60       0x44 ./Core/Src/main.o
                0x08001c60                system_init
 .text.updateTime
                0x08001ca4       0x40 ./Core/Src/main.o
                0x08001ca4                updateTime
 .text.displayTime
                0x08001ce4       0xfc ./Core/Src/main.o
                0x08001ce4                displayTime
 .text.Flashing_cal
                0x08001de0      0x5a4 ./Core/Src/main.o
                0x08001de0                Flashing_cal
 .text.Flashing_alarm
                0x08002384      0x174 ./Core/Src/main.o
                0x08002384                Flashing_alarm
 .text.Error_Handler
                0x080024f8        0xc ./Core/Src/main.o
                0x080024f8                Error_Handler
 .text.timer_init
                0x08002504       0x14 ./Core/Src/software_timer.o
                0x08002504                timer_init
 .text.setTimer2
                0x08002518       0x38 ./Core/Src/software_timer.o
                0x08002518                setTimer2
 .text.setTimer3
                0x08002550       0x38 ./Core/Src/software_timer.o
                0x08002550                setTimer3
 .text.setTimer4
                0x08002588       0x38 ./Core/Src/software_timer.o
                0x08002588                setTimer4
 .text.HAL_TIM_PeriodElapsedCallback
                0x080025c0       0xc0 ./Core/Src/software_timer.o
                0x080025c0                HAL_TIM_PeriodElapsedCallback
 .text.MX_SPI1_Init
                0x08002680       0x6c ./Core/Src/spi.o
                0x08002680                MX_SPI1_Init
 .text.HAL_SPI_MspInit
                0x080026ec       0x90 ./Core/Src/spi.o
                0x080026ec                HAL_SPI_MspInit
 .text.HAL_MspInit
                0x0800277c       0x50 ./Core/Src/stm32f4xx_hal_msp.o
                0x0800277c                HAL_MspInit
 .text.NMI_Handler
                0x080027cc        0x8 ./Core/Src/stm32f4xx_it.o
                0x080027cc                NMI_Handler
 .text.HardFault_Handler
                0x080027d4        0x8 ./Core/Src/stm32f4xx_it.o
                0x080027d4                HardFault_Handler
 .text.MemManage_Handler
                0x080027dc        0x8 ./Core/Src/stm32f4xx_it.o
                0x080027dc                MemManage_Handler
 .text.BusFault_Handler
                0x080027e4        0x8 ./Core/Src/stm32f4xx_it.o
                0x080027e4                BusFault_Handler
 .text.UsageFault_Handler
                0x080027ec        0x8 ./Core/Src/stm32f4xx_it.o
                0x080027ec                UsageFault_Handler
 .text.SVC_Handler
                0x080027f4        0xe ./Core/Src/stm32f4xx_it.o
                0x080027f4                SVC_Handler
 .text.DebugMon_Handler
                0x08002802        0xe ./Core/Src/stm32f4xx_it.o
                0x08002802                DebugMon_Handler
 .text.PendSV_Handler
                0x08002810        0xe ./Core/Src/stm32f4xx_it.o
                0x08002810                PendSV_Handler
 .text.SysTick_Handler
                0x0800281e        0xc ./Core/Src/stm32f4xx_it.o
                0x0800281e                SysTick_Handler
 *fill*         0x0800282a        0x2 
 .text.TIM2_IRQHandler
                0x0800282c       0x14 ./Core/Src/stm32f4xx_it.o
                0x0800282c                TIM2_IRQHandler
 .text.SystemInit
                0x08002840       0x24 ./Core/Src/system_stm32f4xx.o
                0x08002840                SystemInit
 .text.MX_TIM2_Init
                0x08002864       0x98 ./Core/Src/tim.o
                0x08002864                MX_TIM2_Init
 .text.HAL_TIM_Base_MspInit
                0x080028fc       0x4c ./Core/Src/tim.o
                0x080028fc                HAL_TIM_Base_MspInit
 .text.BCD2DEC  0x08002948       0x32 ./Core/Src/utils.o
                0x08002948                BCD2DEC
 *fill*         0x0800297a        0x2 
 .text.DEC2BCD  0x0800297c       0x48 ./Core/Src/utils.o
                0x0800297c                DEC2BCD
 .text.Reset_Handler
                0x080029c4       0x50 ./Core/Startup/startup_stm32f407zetx.o
                0x080029c4                Reset_Handler
 .text.Default_Handler
                0x08002a14        0x2 ./Core/Startup/startup_stm32f407zetx.o
                0x08002a14                RTC_Alarm_IRQHandler
                0x08002a14                HASH_RNG_IRQHandler
                0x08002a14                EXTI2_IRQHandler
                0x08002a14                TIM8_CC_IRQHandler
                0x08002a14                TIM1_CC_IRQHandler
                0x08002a14                DMA2_Stream5_IRQHandler
                0x08002a14                DMA1_Stream5_IRQHandler
                0x08002a14                PVD_IRQHandler
                0x08002a14                SDIO_IRQHandler
                0x08002a14                TAMP_STAMP_IRQHandler
                0x08002a14                CAN2_RX1_IRQHandler
                0x08002a14                EXTI3_IRQHandler
                0x08002a14                TIM8_TRG_COM_TIM14_IRQHandler
                0x08002a14                TIM1_UP_TIM10_IRQHandler
                0x08002a14                TIM8_UP_TIM13_IRQHandler
                0x08002a14                I2C3_ER_IRQHandler
                0x08002a14                EXTI0_IRQHandler
                0x08002a14                I2C2_EV_IRQHandler
                0x08002a14                DMA1_Stream2_IRQHandler
                0x08002a14                CAN1_RX0_IRQHandler
                0x08002a14                FPU_IRQHandler
                0x08002a14                OTG_HS_WKUP_IRQHandler
                0x08002a14                CAN2_SCE_IRQHandler
                0x08002a14                DMA2_Stream2_IRQHandler
                0x08002a14                SPI1_IRQHandler
                0x08002a14                TIM6_DAC_IRQHandler
                0x08002a14                TIM1_BRK_TIM9_IRQHandler
                0x08002a14                DCMI_IRQHandler
                0x08002a14                CAN2_RX0_IRQHandler
                0x08002a14                DMA2_Stream3_IRQHandler
                0x08002a14                USART6_IRQHandler
                0x08002a14                USART3_IRQHandler
                0x08002a14                CAN1_RX1_IRQHandler
                0x08002a14                UART5_IRQHandler
                0x08002a14                DMA2_Stream0_IRQHandler
                0x08002a14                TIM4_IRQHandler
                0x08002a14                I2C1_EV_IRQHandler
                0x08002a14                DMA1_Stream6_IRQHandler
                0x08002a14                DMA1_Stream1_IRQHandler
                0x08002a14                UART4_IRQHandler
                0x08002a14                TIM3_IRQHandler
                0x08002a14                RCC_IRQHandler
                0x08002a14                TIM8_BRK_TIM12_IRQHandler
                0x08002a14                Default_Handler
                0x08002a14                EXTI15_10_IRQHandler
                0x08002a14                ADC_IRQHandler
                0x08002a14                DMA1_Stream7_IRQHandler
                0x08002a14                TIM7_IRQHandler
                0x08002a14                CAN2_TX_IRQHandler
                0x08002a14                TIM5_IRQHandler
                0x08002a14                DMA2_Stream7_IRQHandler
                0x08002a14                I2C3_EV_IRQHandler
                0x08002a14                EXTI9_5_IRQHandler
                0x08002a14                RTC_WKUP_IRQHandler
                0x08002a14                ETH_WKUP_IRQHandler
                0x08002a14                SPI2_IRQHandler
                0x08002a14                OTG_HS_EP1_IN_IRQHandler
                0x08002a14                DMA1_Stream0_IRQHandler
                0x08002a14                CAN1_TX_IRQHandler
                0x08002a14                EXTI4_IRQHandler
                0x08002a14                FSMC_IRQHandler
                0x08002a14                ETH_IRQHandler
                0x08002a14                OTG_HS_EP1_OUT_IRQHandler
                0x08002a14                WWDG_IRQHandler
                0x08002a14                OTG_FS_WKUP_IRQHandler
                0x08002a14                TIM1_TRG_COM_TIM11_IRQHandler
                0x08002a14                OTG_HS_IRQHandler
                0x08002a14                EXTI1_IRQHandler
                0x08002a14                USART2_IRQHandler
                0x08002a14                I2C2_ER_IRQHandler
                0x08002a14                DMA2_Stream1_IRQHandler
                0x08002a14                CAN1_SCE_IRQHandler
                0x08002a14                FLASH_IRQHandler
                0x08002a14                DMA2_Stream4_IRQHandler
                0x08002a14                USART1_IRQHandler
                0x08002a14                OTG_FS_IRQHandler
                0x08002a14                SPI3_IRQHandler
                0x08002a14                DMA1_Stream4_IRQHandler
                0x08002a14                I2C1_ER_IRQHandler
                0x08002a14                DMA2_Stream6_IRQHandler
                0x08002a14                DMA1_Stream3_IRQHandler
 *fill*         0x08002a16        0x2 
 .text.HAL_Init
                0x08002a18       0x44 ./Drivers/STM32F4xx_HAL_Driver/Src/stm32f4xx_hal.o
                0x08002a18                HAL_Init
 .text.HAL_InitTick
                0x08002a5c       0x60 ./Drivers/STM32F4xx_HAL_Driver/Src/stm32f4xx_hal.o
                0x08002a5c                HAL_InitTick
 .text.HAL_IncTick
                0x08002abc       0x28 ./Drivers/STM32F4xx_HAL_Driver/Src/stm32f4xx_hal.o
                0x08002abc                HAL_IncTick
 .text.HAL_GetTick
                0x08002ae4       0x18 ./Drivers/STM32F4xx_HAL_Driver/Src/stm32f4xx_hal.o
                0x08002ae4                HAL_GetTick
 .text.HAL_Delay
                0x08002afc       0x48 ./Drivers/STM32F4xx_HAL_Driver/Src/stm32f4xx_hal.o
                0x08002afc                HAL_Delay
 .text.__NVIC_SetPriorityGrouping
                0x08002b44       0x48 ./Drivers/STM32F4xx_HAL_Driver/Src/stm32f4xx_hal_cortex.o
 .text.__NVIC_GetPriorityGrouping
                0x08002b8c       0x1c ./Drivers/STM32F4xx_HAL_Driver/Src/stm32f4xx_hal_cortex.o
 .text.__NVIC_EnableIRQ
                0x08002ba8       0x3c ./Drivers/STM32F4xx_HAL_Driver/Src/stm32f4xx_hal_cortex.o
 .text.__NVIC_SetPriority
                0x08002be4       0x54 ./Drivers/STM32F4xx_HAL_Driver/Src/stm32f4xx_hal_cortex.o
 .text.NVIC_EncodePriority
                0x08002c38       0x66 ./Drivers/STM32F4xx_HAL_Driver/Src/stm32f4xx_hal_cortex.o
 *fill*         0x08002c9e        0x2 
 .text.SysTick_Config
                0x08002ca0       0x44 ./Drivers/STM32F4xx_HAL_Driver/Src/stm32f4xx_hal_cortex.o
 .text.HAL_NVIC_SetPriorityGrouping
                0x08002ce4       0x16 ./Drivers/STM32F4xx_HAL_Driver/Src/stm32f4xx_hal_cortex.o
                0x08002ce4                HAL_NVIC_SetPriorityGrouping
 .text.HAL_NVIC_SetPriority
                0x08002cfa       0x38 ./Drivers/STM32F4xx_HAL_Driver/Src/stm32f4xx_hal_cortex.o
                0x08002cfa                HAL_NVIC_SetPriority
 .text.HAL_NVIC_EnableIRQ
                0x08002d32       0x1c ./Drivers/STM32F4xx_HAL_Driver/Src/stm32f4xx_hal_cortex.o
                0x08002d32                HAL_NVIC_EnableIRQ
 .text.HAL_SYSTICK_Config
                0x08002d4e       0x18 ./Drivers/STM32F4xx_HAL_Driver/Src/stm32f4xx_hal_cortex.o
                0x08002d4e                HAL_SYSTICK_Config
 *fill*         0x08002d66        0x2 
 .text.HAL_GPIO_Init
                0x08002d68      0x338 ./Drivers/STM32F4xx_HAL_Driver/Src/stm32f4xx_hal_gpio.o
                0x08002d68                HAL_GPIO_Init
 .text.HAL_GPIO_WritePin
                0x080030a0       0x32 ./Drivers/STM32F4xx_HAL_Driver/Src/stm32f4xx_hal_gpio.o
                0x080030a0                HAL_GPIO_WritePin
 *fill*         0x080030d2        0x2 
 .text.HAL_I2C_Init
                0x080030d4      0x288 ./Drivers/STM32F4xx_HAL_Driver/Src/stm32f4xx_hal_i2c.o
                0x080030d4                HAL_I2C_Init
 .text.HAL_I2C_Mem_Write
                0x0800335c      0x1f4 ./Drivers/STM32F4xx_HAL_Driver/Src/stm32f4xx_hal_i2c.o
                0x0800335c                HAL_I2C_Mem_Write
 .text.HAL_I2C_Mem_Read
                0x08003550      0x44c ./Drivers/STM32F4xx_HAL_Driver/Src/stm32f4xx_hal_i2c.o
                0x08003550                HAL_I2C_Mem_Read
 .text.HAL_I2C_IsDeviceReady
                0x0800399c      0x25c ./Drivers/STM32F4xx_HAL_Driver/Src/stm32f4xx_hal_i2c.o
                0x0800399c                HAL_I2C_IsDeviceReady
 .text.I2C_RequestMemoryWrite
                0x08003bf8      0x12c ./Drivers/STM32F4xx_HAL_Driver/Src/stm32f4xx_hal_i2c.o
 .text.I2C_RequestMemoryRead
                0x08003d24      0x1d0 ./Drivers/STM32F4xx_HAL_Driver/Src/stm32f4xx_hal_i2c.o
 .text.I2C_WaitOnFlagUntilTimeout
                0x08003ef4       0xae ./Drivers/STM32F4xx_HAL_Driver/Src/stm32f4xx_hal_i2c.o
 .text.I2C_WaitOnMasterAddressFlagUntilTimeout
                0x08003fa2       0xfe ./Drivers/STM32F4xx_HAL_Driver/Src/stm32f4xx_hal_i2c.o
 .text.I2C_WaitOnTXEFlagUntilTimeout
                0x080040a0       0x82 ./Drivers/STM32F4xx_HAL_Driver/Src/stm32f4xx_hal_i2c.o
 .text.I2C_WaitOnBTFFlagUntilTimeout
                0x08004122       0x82 ./Drivers/STM32F4xx_HAL_Driver/Src/stm32f4xx_hal_i2c.o
 .text.I2C_WaitOnRXNEFlagUntilTimeout
                0x080041a4       0xac ./Drivers/STM32F4xx_HAL_Driver/Src/stm32f4xx_hal_i2c.o
 .text.I2C_IsAcknowledgeFailed
                0x08004250       0x5e ./Drivers/STM32F4xx_HAL_Driver/Src/stm32f4xx_hal_i2c.o
 *fill*         0x080042ae        0x2 
 .text.HAL_RCC_OscConfig
                0x080042b0      0x4f0 ./Drivers/STM32F4xx_HAL_Driver/Src/stm32f4xx_hal_rcc.o
                0x080042b0                HAL_RCC_OscConfig
 .text.HAL_RCC_ClockConfig
                0x080047a0      0x1cc ./Drivers/STM32F4xx_HAL_Driver/Src/stm32f4xx_hal_rcc.o
                0x080047a0                HAL_RCC_ClockConfig
 .text.HAL_RCC_GetSysClockFreq
                0x0800496c      0x20c ./Drivers/STM32F4xx_HAL_Driver/Src/stm32f4xx_hal_rcc.o
                0x0800496c                HAL_RCC_GetSysClockFreq
 .text.HAL_RCC_GetHCLKFreq
                0x08004b78       0x18 ./Drivers/STM32F4xx_HAL_Driver/Src/stm32f4xx_hal_rcc.o
                0x08004b78                HAL_RCC_GetHCLKFreq
 .text.HAL_RCC_GetPCLK1Freq
                0x08004b90       0x28 ./Drivers/STM32F4xx_HAL_Driver/Src/stm32f4xx_hal_rcc.o
                0x08004b90                HAL_RCC_GetPCLK1Freq
 .text.HAL_SPI_Init
                0x08004bb8      0x112 ./Drivers/STM32F4xx_HAL_Driver/Src/stm32f4xx_hal_spi.o
                0x08004bb8                HAL_SPI_Init
 .text.HAL_SPI_Transmit
                0x08004cca      0x278 ./Drivers/STM32F4xx_HAL_Driver/Src/stm32f4xx_hal_spi.o
                0x08004cca                HAL_SPI_Transmit
 .text.HAL_SPI_Receive
                0x08004f42      0x222 ./Drivers/STM32F4xx_HAL_Driver/Src/stm32f4xx_hal_spi.o
                0x08004f42                HAL_SPI_Receive
 .text.HAL_SPI_TransmitReceive
                0x08005164      0x344 ./Drivers/STM32F4xx_HAL_Driver/Src/stm32f4xx_hal_spi.o
                0x08005164                HAL_SPI_TransmitReceive
 .text.SPI_WaitFlagStateUntilTimeout
                0x080054a8      0x110 ./Drivers/STM32F4xx_HAL_Driver/Src/stm32f4xx_hal_spi.o
 .text.SPI_EndRxTransaction
                0x080055b8       0xca ./Drivers/STM32F4xx_HAL_Driver/Src/stm32f4xx_hal_spi.o
 *fill*         0x08005682        0x2 
 .text.SPI_EndRxTxTransaction
                0x08005684       0x84 ./Drivers/STM32F4xx_HAL_Driver/Src/stm32f4xx_hal_spi.o
 .text.HAL_SRAM_Init
                0x08005708       0x88 ./Drivers/STM32F4xx_HAL_Driver/Src/stm32f4xx_hal_sram.o
                0x08005708                HAL_SRAM_Init
 .text.HAL_TIM_Base_Init
                0x08005790       0x9e ./Drivers/STM32F4xx_HAL_Driver/Src/stm32f4xx_hal_tim.o
                0x08005790                HAL_TIM_Base_Init
 *fill*         0x0800582e        0x2 
 .text.HAL_TIM_Base_Start_IT
                0x08005830       0xe0 ./Drivers/STM32F4xx_HAL_Driver/Src/stm32f4xx_hal_tim.o
                0x08005830                HAL_TIM_Base_Start_IT
 .text.HAL_TIM_IRQHandler
                0x08005910      0x210 ./Drivers/STM32F4xx_HAL_Driver/Src/stm32f4xx_hal_tim.o
                0x08005910                HAL_TIM_IRQHandler
 .text.HAL_TIM_ConfigClockSource
                0x08005b20      0x18e ./Drivers/STM32F4xx_HAL_Driver/Src/stm32f4xx_hal_tim.o
                0x08005b20                HAL_TIM_ConfigClockSource
 .text.HAL_TIM_OC_DelayElapsedCallback
                0x08005cae       0x14 ./Drivers/STM32F4xx_HAL_Driver/Src/stm32f4xx_hal_tim.o
                0x08005cae                HAL_TIM_OC_DelayElapsedCallback
 .text.HAL_TIM_IC_CaptureCallback
                0x08005cc2       0x14 ./Drivers/STM32F4xx_HAL_Driver/Src/stm32f4xx_hal_tim.o
                0x08005cc2                HAL_TIM_IC_CaptureCallback
 .text.HAL_TIM_PWM_PulseFinishedCallback
                0x08005cd6       0x14 ./Drivers/STM32F4xx_HAL_Driver/Src/stm32f4xx_hal_tim.o
                0x08005cd6                HAL_TIM_PWM_PulseFinishedCallback
 .text.HAL_TIM_TriggerCallback
                0x08005cea       0x14 ./Drivers/STM32F4xx_HAL_Driver/Src/stm32f4xx_hal_tim.o
                0x08005cea                HAL_TIM_TriggerCallback
 *fill*         0x08005cfe        0x2 
 .text.TIM_Base_SetConfig
                0x08005d00      0x140 ./Drivers/STM32F4xx_HAL_Driver/Src/stm32f4xx_hal_tim.o
                0x08005d00                TIM_Base_SetConfig
 .text.TIM_TI1_ConfigInputStage
                0x08005e40       0x5e ./Drivers/STM32F4xx_HAL_Driver/Src/stm32f4xx_hal_tim.o
 .text.TIM_TI2_ConfigInputStage
                0x08005e9e       0x60 ./Drivers/STM32F4xx_HAL_Driver/Src/stm32f4xx_hal_tim.o
 .text.TIM_ITRx_SetConfig
                0x08005efe       0x36 ./Drivers/STM32F4xx_HAL_Driver/Src/stm32f4xx_hal_tim.o
 .text.TIM_ETR_SetConfig
                0x08005f34       0x40 ./Drivers/STM32F4xx_HAL_Driver/Src/stm32f4xx_hal_tim.o
                0x08005f34                TIM_ETR_SetConfig
 .text.HAL_TIMEx_MasterConfigSynchronization
                0x08005f74       0xf8 ./Drivers/STM32F4xx_HAL_Driver/Src/stm32f4xx_hal_tim_ex.o
                0x08005f74                HAL_TIMEx_MasterConfigSynchronization
 .text.HAL_TIMEx_CommutCallback
                0x0800606c       0x14 ./Drivers/STM32F4xx_HAL_Driver/Src/stm32f4xx_hal_tim_ex.o
                0x0800606c                HAL_TIMEx_CommutCallback
 .text.HAL_TIMEx_BreakCallback
                0x08006080       0x14 ./Drivers/STM32F4xx_HAL_Driver/Src/stm32f4xx_hal_tim_ex.o
                0x08006080                HAL_TIMEx_BreakCallback
 .text.FSMC_NORSRAM_Init
                0x08006094       0xa4 ./Drivers/STM32F4xx_HAL_Driver/Src/stm32f4xx_ll_fsmc.o
                0x08006094                FSMC_NORSRAM_Init
 .text.FSMC_NORSRAM_Timing_Init
                0x08006138       0x7a ./Drivers/STM32F4xx_HAL_Driver/Src/stm32f4xx_ll_fsmc.o
                0x08006138                FSMC_NORSRAM_Timing_Init
 *fill*         0x080061b2        0x2 
 .text.FSMC_NORSRAM_Extended_Timing_Init
                0x080061b4       0x80 ./Drivers/STM32F4xx_HAL_Driver/Src/stm32f4xx_ll_fsmc.o
                0x080061b4                FSMC_NORSRAM_Extended_Timing_Init
 .text.memset   0x08006234       0x10 E:/BTVN/Nam 3/Vi xu ly/STM32CubeIDE_1.7.0/STM32CubeIDE/plugins/com.st.stm32cube.ide.mcu.externaltools.gnu-tools-for-stm32.12.3.rel1.win32_1.0.200.202406191623/tools/bin/../lib/gcc/arm-none-eabi/12.3.1/../../../../arm-none-eabi/lib/thumb/v7e-m+fp/hard\libc_nano.a(libc_a-memset.o)
                0x08006234                memset
 .text.strcat   0x08006244       0x1e E:/BTVN/Nam 3/Vi xu ly/STM32CubeIDE_1.7.0/STM32CubeIDE/plugins/com.st.stm32cube.ide.mcu.externaltools.gnu-tools-for-stm32.12.3.rel1.win32_1.0.200.202406191623/tools/bin/../lib/gcc/arm-none-eabi/12.3.1/../../../../arm-none-eabi/lib/thumb/v7e-m+fp/hard\libc_nano.a(libc_a-strcat.o)
                0x08006244                strcat
 *fill*         0x08006262        0x2 
 .text.__libc_init_array
                0x08006264       0x48 E:/BTVN/Nam 3/Vi xu ly/STM32CubeIDE_1.7.0/STM32CubeIDE/plugins/com.st.stm32cube.ide.mcu.externaltools.gnu-tools-for-stm32.12.3.rel1.win32_1.0.200.202406191623/tools/bin/../lib/gcc/arm-none-eabi/12.3.1/../../../../arm-none-eabi/lib/thumb/v7e-m+fp/hard\libc_nano.a(libc_a-init.o)
                0x08006264                __libc_init_array
 *(.glue_7)
 .glue_7        0x080062ac        0x0 linker stubs
 *(.glue_7t)
 .glue_7t       0x080062ac        0x0 linker stubs
 *(.eh_frame)
 .eh_frame      0x080062ac        0x0 E:/BTVN/Nam 3/Vi xu ly/STM32CubeIDE_1.7.0/STM32CubeIDE/plugins/com.st.stm32cube.ide.mcu.externaltools.gnu-tools-for-stm32.12.3.rel1.win32_1.0.200.202406191623/tools/bin/../lib/gcc/arm-none-eabi/12.3.1/thumb/v7e-m+fp/hard/crtbegin.o
 *(.init)
 .init          0x080062ac        0x4 E:/BTVN/Nam 3/Vi xu ly/STM32CubeIDE_1.7.0/STM32CubeIDE/plugins/com.st.stm32cube.ide.mcu.externaltools.gnu-tools-for-stm32.12.3.rel1.win32_1.0.200.202406191623/tools/bin/../lib/gcc/arm-none-eabi/12.3.1/thumb/v7e-m+fp/hard/crti.o
                0x080062ac                _init
 .init          0x080062b0        0x8 E:/BTVN/Nam 3/Vi xu ly/STM32CubeIDE_1.7.0/STM32CubeIDE/plugins/com.st.stm32cube.ide.mcu.externaltools.gnu-tools-for-stm32.12.3.rel1.win32_1.0.200.202406191623/tools/bin/../lib/gcc/arm-none-eabi/12.3.1/thumb/v7e-m+fp/hard/crtn.o
 *(.fini)
 .fini          0x080062b8        0x4 E:/BTVN/Nam 3/Vi xu ly/STM32CubeIDE_1.7.0/STM32CubeIDE/plugins/com.st.stm32cube.ide.mcu.externaltools.gnu-tools-for-stm32.12.3.rel1.win32_1.0.200.202406191623/tools/bin/../lib/gcc/arm-none-eabi/12.3.1/thumb/v7e-m+fp/hard/crti.o
                0x080062b8                _fini
 .fini          0x080062bc        0x8 E:/BTVN/Nam 3/Vi xu ly/STM32CubeIDE_1.7.0/STM32CubeIDE/plugins/com.st.stm32cube.ide.mcu.externaltools.gnu-tools-for-stm32.12.3.rel1.win32_1.0.200.202406191623/tools/bin/../lib/gcc/arm-none-eabi/12.3.1/thumb/v7e-m+fp/hard/crtn.o
                0x080062c4                        . = ALIGN (0x4)
                0x080062c4                        _etext = .

.vfp11_veneer   0x080062c4        0x0
 .vfp11_veneer  0x080062c4        0x0 linker stubs

.v4_bx          0x080062c4        0x0
 .v4_bx         0x080062c4        0x0 linker stubs

.iplt           0x080062c4        0x0
 .iplt          0x080062c4        0x0 E:/BTVN/Nam 3/Vi xu ly/STM32CubeIDE_1.7.0/STM32CubeIDE/plugins/com.st.stm32cube.ide.mcu.externaltools.gnu-tools-for-stm32.12.3.rel1.win32_1.0.200.202406191623/tools/bin/../lib/gcc/arm-none-eabi/12.3.1/thumb/v7e-m+fp/hard/crtbegin.o

.rodata         0x080062c4     0x2ff4
                0x080062c4                        . = ALIGN (0x4)
 *(.rodata)
 .rodata        0x080062c4       0x5a ./Core/Src/clock.o
 *(.rodata*)
 *fill*         0x0800631e        0x2 
 .rodata.ascii_1608
                0x08006320      0x5f0 ./Core/Src/lcd.o
                0x08006320                ascii_1608
 .rodata.ascii_2412
                0x08006910     0x11d0 ./Core/Src/lcd.o
                0x08006910                ascii_2412
 .rodata.ascii_3216
                0x08007ae0     0x17c0 ./Core/Src/lcd.o
                0x08007ae0                ascii_3216
 .rodata.AHBPrescTable
                0x080092a0       0x10 ./Core/Src/system_stm32f4xx.o
                0x080092a0                AHBPrescTable
 .rodata.APBPrescTable
                0x080092b0        0x8 ./Core/Src/system_stm32f4xx.o
                0x080092b0                APBPrescTable
                0x080092b8                        . = ALIGN (0x4)

.ARM.extab      0x080092b8        0x0
                0x080092b8                        . = ALIGN (0x4)
 *(.ARM.extab* .gnu.linkonce.armextab.*)
                0x080092b8                        . = ALIGN (0x4)

.ARM            0x080092b8        0x8
                0x080092b8                        . = ALIGN (0x4)
                0x080092b8                        __exidx_start = .
 *(.ARM.exidx*)
 .ARM.exidx     0x080092b8        0x8 E:/BTVN/Nam 3/Vi xu ly/STM32CubeIDE_1.7.0/STM32CubeIDE/plugins/com.st.stm32cube.ide.mcu.externaltools.gnu-tools-for-stm32.12.3.rel1.win32_1.0.200.202406191623/tools/bin/../lib/gcc/arm-none-eabi/12.3.1/../../../../arm-none-eabi/lib/thumb/v7e-m+fp/hard\libc_nano.a(libc_a-strlen.o)
 .ARM.exidx     0x080092c0        0x0 E:/BTVN/Nam 3/Vi xu ly/STM32CubeIDE_1.7.0/STM32CubeIDE/plugins/com.st.stm32cube.ide.mcu.externaltools.gnu-tools-for-stm32.12.3.rel1.win32_1.0.200.202406191623/tools/bin/../lib/gcc/arm-none-eabi/12.3.1/thumb/v7e-m+fp/hard\libgcc.a(_udivmoddi4.o)
                                  0x8 (size before relaxing)
                0x080092c0                        __exidx_end = .
                0x080092c0                        . = ALIGN (0x4)

.rel.dyn        0x080092c0        0x0
 .rel.iplt      0x080092c0        0x0 E:/BTVN/Nam 3/Vi xu ly/STM32CubeIDE_1.7.0/STM32CubeIDE/plugins/com.st.stm32cube.ide.mcu.externaltools.gnu-tools-for-stm32.12.3.rel1.win32_1.0.200.202406191623/tools/bin/../lib/gcc/arm-none-eabi/12.3.1/thumb/v7e-m+fp/hard/crtbegin.o

.preinit_array  0x080092c0        0x0
                0x080092c0                        . = ALIGN (0x4)
                0x080092c0                        PROVIDE (__preinit_array_start = .)
 *(.preinit_array*)
                0x080092c0                        PROVIDE (__preinit_array_end = .)
                0x080092c0                        . = ALIGN (0x4)

.init_array     0x080092c0        0x4
                0x080092c0                        . = ALIGN (0x4)
                0x080092c0                        PROVIDE (__init_array_start = .)
 *(SORT_BY_NAME(.init_array.*))
 *(.init_array*)
 .init_array    0x080092c0        0x4 E:/BTVN/Nam 3/Vi xu ly/STM32CubeIDE_1.7.0/STM32CubeIDE/plugins/com.st.stm32cube.ide.mcu.externaltools.gnu-tools-for-stm32.12.3.rel1.win32_1.0.200.202406191623/tools/bin/../lib/gcc/arm-none-eabi/12.3.1/thumb/v7e-m+fp/hard/crtbegin.o
                0x080092c4                        PROVIDE (__init_array_end = .)
                0x080092c4                        . = ALIGN (0x4)

.fini_array     0x080092c4        0x4
                0x080092c4                        . = ALIGN (0x4)
                [!provide]                        PROVIDE (__fini_array_start = .)
 *(SORT_BY_NAME(.fini_array.*))
 *(.fini_array*)
 .fini_array    0x080092c4        0x4 E:/BTVN/Nam 3/Vi xu ly/STM32CubeIDE_1.7.0/STM32CubeIDE/plugins/com.st.stm32cube.ide.mcu.externaltools.gnu-tools-for-stm32.12.3.rel1.win32_1.0.200.202406191623/tools/bin/../lib/gcc/arm-none-eabi/12.3.1/thumb/v7e-m+fp/hard/crtbegin.o
                [!provide]                        PROVIDE (__fini_array_end = .)
                0x080092c8                        . = ALIGN (0x4)
                0x080092c8                        _sidata = LOADADDR (.data)

.data           0x20000000       0x2c load address 0x080092c8
                0x20000000                        . = ALIGN (0x4)
                0x20000000                        _sdata = .
 *(.data)
 *(.data*)
 .data.update_value
                0x20000000       0x18 ./Core/Src/clock.o
                0x20000000                update_value
 .data.led7seg  0x20000018        0x4 ./Core/Src/led_7seg.o
                0x20000018                led7seg
 .data.spi_buffer
                0x2000001c        0x2 ./Core/Src/led_7seg.o
                0x2000001c                spi_buffer
 *fill*         0x2000001e        0x2 
 .data.SystemCoreClock
                0x20000020        0x4 ./Core/Src/system_stm32f4xx.o
                0x20000020                SystemCoreClock
 .data.uwTickPrio
                0x20000024        0x4 ./Drivers/STM32F4xx_HAL_Driver/Src/stm32f4xx_hal.o
                0x20000024                uwTickPrio
 .data.uwTickFreq
                0x20000028        0x1 ./Drivers/STM32F4xx_HAL_Driver/Src/stm32f4xx_hal.o
                0x20000028                uwTickFreq
 *(.RamFunc)
 *(.RamFunc*)
                0x2000002c                        . = ALIGN (0x4)
 *fill*         0x20000029        0x3 
                0x2000002c                        _edata = .
                0x080092f4                        _siccmram = LOADADDR (.ccmram)

.igot.plt       0x2000002c        0x0 load address 0x080092f4
 .igot.plt      0x2000002c        0x0 E:/BTVN/Nam 3/Vi xu ly/STM32CubeIDE_1.7.0/STM32CubeIDE/plugins/com.st.stm32cube.ide.mcu.externaltools.gnu-tools-for-stm32.12.3.rel1.win32_1.0.200.202406191623/tools/bin/../lib/gcc/arm-none-eabi/12.3.1/thumb/v7e-m+fp/hard/crtbegin.o

.ccmram         0x10000000        0x0 load address 0x080092f4
                0x10000000                        . = ALIGN (0x4)
                0x10000000                        _sccmram = .
 *(.ccmram)
 *(.ccmram*)
                0x10000000                        . = ALIGN (0x4)
                0x10000000                        _eccmram = .
                0x10000000                        . = ALIGN (0x4)

.bss            0x2000002c      0x1d0
                0x2000002c                        _sbss = .
                0x2000002c                        __bss_start__ = _sbss
 *(.bss)
 .bss           0x2000002c       0x1c E:/BTVN/Nam 3/Vi xu ly/STM32CubeIDE_1.7.0/STM32CubeIDE/plugins/com.st.stm32cube.ide.mcu.externaltools.gnu-tools-for-stm32.12.3.rel1.win32_1.0.200.202406191623/tools/bin/../lib/gcc/arm-none-eabi/12.3.1/thumb/v7e-m+fp/hard/crtbegin.o
 *(.bss*)
 .bss.button_count
                0x20000048       0x20 ./Core/Src/button.o
                0x20000048                button_count
 .bss.spi_button
                0x20000068        0x2 ./Core/Src/button.o
                0x20000068                spi_button
 *fill*         0x2000006a        0x2 
 .bss.counter   0x2000006c        0x4 ./Core/Src/clock.o
                0x2000006c                counter
 .bss.flag      0x20000070        0x4 ./Core/Src/clock.o
                0x20000070                flag
 .bss.cal_hour  0x20000074        0x1 ./Core/Src/clock.o
                0x20000074                cal_hour
 .bss.cal_min   0x20000075        0x1 ./Core/Src/clock.o
                0x20000075                cal_min
 .bss.cal_sec   0x20000076        0x1 ./Core/Src/clock.o
                0x20000076                cal_sec
 .bss.cal_date  0x20000077        0x1 ./Core/Src/clock.o
                0x20000077                cal_date
 .bss.cal_day   0x20000078        0x1 ./Core/Src/clock.o
                0x20000078                cal_day
 .bss.cal_month
                0x20000079        0x1 ./Core/Src/clock.o
                0x20000079                cal_month
 .bss.cal_year  0x2000007a        0x1 ./Core/Src/clock.o
                0x2000007a                cal_year
 .bss.al_hours  0x2000007b        0x1 ./Core/Src/clock.o
                0x2000007b                al_hours
 .bss.al_min    0x2000007c        0x1 ./Core/Src/clock.o
                0x2000007c                al_min
 .bss.al_sec    0x2000007d        0x1 ./Core/Src/clock.o
                0x2000007d                al_sec
 *fill*         0x2000007e        0x2 
 .bss.ds3231_buffer
                0x20000080        0x7 ./Core/Src/ds3231.o
                0x20000080                ds3231_buffer
 .bss.ds3231_hours
                0x20000087        0x1 ./Core/Src/ds3231.o
                0x20000087                ds3231_hours
 .bss.ds3231_min
                0x20000088        0x1 ./Core/Src/ds3231.o
                0x20000088                ds3231_min
 .bss.ds3231_sec
                0x20000089        0x1 ./Core/Src/ds3231.o
                0x20000089                ds3231_sec
 .bss.ds3231_date
                0x2000008a        0x1 ./Core/Src/ds3231.o
                0x2000008a                ds3231_date
 .bss.ds3231_day
                0x2000008b        0x1 ./Core/Src/ds3231.o
                0x2000008b                ds3231_day
 .bss.ds3231_month
                0x2000008c        0x1 ./Core/Src/ds3231.o
                0x2000008c                ds3231_month
 .bss.ds3231_year
                0x2000008d        0x1 ./Core/Src/ds3231.o
                0x2000008d                ds3231_year
 *fill*         0x2000008e        0x2 
 .bss.hsram1    0x20000090       0x50 ./Core/Src/fsmc.o
                0x20000090                hsram1
 .bss.FSMC_Initialized
                0x200000e0        0x4 ./Core/Src/fsmc.o
 .bss.hi2c1     0x200000e4       0x54 ./Core/Src/i2c.o
                0x200000e4                hi2c1
 .bss.lcddev    0x20000138        0x6 ./Core/Src/lcd.o
                0x20000138                lcddev
 *fill*         0x2000013e        0x2 
 .bss.led7_index
                0x20000140        0x4 ./Core/Src/led_7seg.o
                0x20000140                led7_index
 .bss.flag_timer2
                0x20000144        0x2 ./Core/Src/software_timer.o
                0x20000144                flag_timer2
 .bss.timer2_counter
                0x20000146        0x2 ./Core/Src/software_timer.o
                0x20000146                timer2_counter
 .bss.timer2_MUL
                0x20000148        0x2 ./Core/Src/software_timer.o
                0x20000148                timer2_MUL
 .bss.flag_timer3
                0x2000014a        0x2 ./Core/Src/software_timer.o
                0x2000014a                flag_timer3
 .bss.timer3_counter
                0x2000014c        0x2 ./Core/Src/software_timer.o
                0x2000014c                timer3_counter
 .bss.timer3_MUL
                0x2000014e        0x2 ./Core/Src/software_timer.o
                0x2000014e                timer3_MUL
 .bss.flag_timer4
                0x20000150        0x2 ./Core/Src/software_timer.o
                0x20000150                flag_timer4
 .bss.timer4_counter
                0x20000152        0x2 ./Core/Src/software_timer.o
                0x20000152                timer4_counter
 .bss.timer4_MUL
                0x20000154        0x2 ./Core/Src/software_timer.o
                0x20000154                timer4_MUL
 *fill*         0x20000156        0x2 
 .bss.hspi1     0x20000158       0x58 ./Core/Src/spi.o
                0x20000158                hspi1
 .bss.htim2     0x200001b0       0x48 ./Core/Src/tim.o
                0x200001b0                htim2
 .bss.uwTick    0x200001f8        0x4 ./Drivers/STM32F4xx_HAL_Driver/Src/stm32f4xx_hal.o
                0x200001f8                uwTick
 *(COMMON)
                0x200001fc                        . = ALIGN (0x4)
                0x200001fc                        _ebss = .
                0x200001fc                        __bss_end__ = _ebss

._user_heap_stack
                0x200001fc      0x604
                0x20000200                        . = ALIGN (0x8)
 *fill*         0x200001fc        0x4 
                [!provide]                        PROVIDE (end = .)
                0x20000200                        PROVIDE (_end = .)
                0x20000400                        . = (. + _Min_Heap_Size)
 *fill*         0x20000200      0x200 
                0x20000800                        . = (. + _Min_Stack_Size)
 *fill*         0x20000400      0x400 
                0x20000800                        . = ALIGN (0x8)

/DISCARD/
 libc.a(*)
 libm.a(*)
 libgcc.a(*)

.ARM.attributes
                0x00000000       0x30
 *(.ARM.attributes)
 .ARM.attributes
                0x00000000       0x22 E:/BTVN/Nam 3/Vi xu ly/STM32CubeIDE_1.7.0/STM32CubeIDE/plugins/com.st.stm32cube.ide.mcu.externaltools.gnu-tools-for-stm32.12.3.rel1.win32_1.0.200.202406191623/tools/bin/../lib/gcc/arm-none-eabi/12.3.1/thumb/v7e-m+fp/hard/crti.o
 .ARM.attributes
                0x00000022       0x34 E:/BTVN/Nam 3/Vi xu ly/STM32CubeIDE_1.7.0/STM32CubeIDE/plugins/com.st.stm32cube.ide.mcu.externaltools.gnu-tools-for-stm32.12.3.rel1.win32_1.0.200.202406191623/tools/bin/../lib/gcc/arm-none-eabi/12.3.1/thumb/v7e-m+fp/hard/crtbegin.o
 .ARM.attributes
                0x00000056       0x34 ./Core/Src/button.o
 .ARM.attributes
                0x0000008a       0x34 ./Core/Src/clock.o
 .ARM.attributes
                0x000000be       0x34 ./Core/Src/ds3231.o
 .ARM.attributes
                0x000000f2       0x34 ./Core/Src/fsmc.o
 .ARM.attributes
                0x00000126       0x34 ./Core/Src/gpio.o
 .ARM.attributes
                0x0000015a       0x34 ./Core/Src/i2c.o
 .ARM.attributes
                0x0000018e       0x34 ./Core/Src/lcd.o
 .ARM.attributes
                0x000001c2       0x34 ./Core/Src/led_7seg.o
 .ARM.attributes
                0x000001f6       0x34 ./Core/Src/main.o
 .ARM.attributes
                0x0000022a       0x34 ./Core/Src/software_timer.o
 .ARM.attributes
                0x0000025e       0x34 ./Core/Src/spi.o
 .ARM.attributes
                0x00000292       0x34 ./Core/Src/stm32f4xx_hal_msp.o
 .ARM.attributes
                0x000002c6       0x34 ./Core/Src/stm32f4xx_it.o
 .ARM.attributes
                0x000002fa       0x34 ./Core/Src/system_stm32f4xx.o
 .ARM.attributes
                0x0000032e       0x34 ./Core/Src/tim.o
 .ARM.attributes
                0x00000362       0x34 ./Core/Src/utils.o
 .ARM.attributes
                0x00000396       0x21 ./Core/Startup/startup_stm32f407zetx.o
 .ARM.attributes
                0x000003b7       0x34 ./Drivers/STM32F4xx_HAL_Driver/Src/stm32f4xx_hal.o
 .ARM.attributes
                0x000003eb       0x34 ./Drivers/STM32F4xx_HAL_Driver/Src/stm32f4xx_hal_cortex.o
 .ARM.attributes
                0x0000041f       0x34 ./Drivers/STM32F4xx_HAL_Driver/Src/stm32f4xx_hal_gpio.o
 .ARM.attributes
                0x00000453       0x34 ./Drivers/STM32F4xx_HAL_Driver/Src/stm32f4xx_hal_i2c.o
 .ARM.attributes
                0x00000487       0x34 ./Drivers/STM32F4xx_HAL_Driver/Src/stm32f4xx_hal_rcc.o
 .ARM.attributes
                0x000004bb       0x34 ./Drivers/STM32F4xx_HAL_Driver/Src/stm32f4xx_hal_spi.o
 .ARM.attributes
                0x000004ef       0x34 ./Drivers/STM32F4xx_HAL_Driver/Src/stm32f4xx_hal_sram.o
 .ARM.attributes
                0x00000523       0x34 ./Drivers/STM32F4xx_HAL_Driver/Src/stm32f4xx_hal_tim.o
 .ARM.attributes
                0x00000557       0x34 ./Drivers/STM32F4xx_HAL_Driver/Src/stm32f4xx_hal_tim_ex.o
 .ARM.attributes
                0x0000058b       0x34 ./Drivers/STM32F4xx_HAL_Driver/Src/stm32f4xx_ll_fsmc.o
 .ARM.attributes
                0x000005bf       0x34 E:/BTVN/Nam 3/Vi xu ly/STM32CubeIDE_1.7.0/STM32CubeIDE/plugins/com.st.stm32cube.ide.mcu.externaltools.gnu-tools-for-stm32.12.3.rel1.win32_1.0.200.202406191623/tools/bin/../lib/gcc/arm-none-eabi/12.3.1/../../../../arm-none-eabi/lib/thumb/v7e-m+fp/hard\libc_nano.a(libc_a-memset.o)
 .ARM.attributes
                0x000005f3       0x34 E:/BTVN/Nam 3/Vi xu ly/STM32CubeIDE_1.7.0/STM32CubeIDE/plugins/com.st.stm32cube.ide.mcu.externaltools.gnu-tools-for-stm32.12.3.rel1.win32_1.0.200.202406191623/tools/bin/../lib/gcc/arm-none-eabi/12.3.1/../../../../arm-none-eabi/lib/thumb/v7e-m+fp/hard\libc_nano.a(libc_a-strcat.o)
 .ARM.attributes
                0x00000627       0x34 E:/BTVN/Nam 3/Vi xu ly/STM32CubeIDE_1.7.0/STM32CubeIDE/plugins/com.st.stm32cube.ide.mcu.externaltools.gnu-tools-for-stm32.12.3.rel1.win32_1.0.200.202406191623/tools/bin/../lib/gcc/arm-none-eabi/12.3.1/../../../../arm-none-eabi/lib/thumb/v7e-m+fp/hard\libc_nano.a(libc_a-init.o)
 .ARM.attributes
                0x0000065b       0x17 E:/BTVN/Nam 3/Vi xu ly/STM32CubeIDE_1.7.0/STM32CubeIDE/plugins/com.st.stm32cube.ide.mcu.externaltools.gnu-tools-for-stm32.12.3.rel1.win32_1.0.200.202406191623/tools/bin/../lib/gcc/arm-none-eabi/12.3.1/../../../../arm-none-eabi/lib/thumb/v7e-m+fp/hard\libc_nano.a(libc_a-strlen.o)
 .ARM.attributes
                0x00000672       0x22 E:/BTVN/Nam 3/Vi xu ly/STM32CubeIDE_1.7.0/STM32CubeIDE/plugins/com.st.stm32cube.ide.mcu.externaltools.gnu-tools-for-stm32.12.3.rel1.win32_1.0.200.202406191623/tools/bin/../lib/gcc/arm-none-eabi/12.3.1/thumb/v7e-m+fp/hard\libgcc.a(_aeabi_uldivmod.o)
 .ARM.attributes
                0x00000694       0x34 E:/BTVN/Nam 3/Vi xu ly/STM32CubeIDE_1.7.0/STM32CubeIDE/plugins/com.st.stm32cube.ide.mcu.externaltools.gnu-tools-for-stm32.12.3.rel1.win32_1.0.200.202406191623/tools/bin/../lib/gcc/arm-none-eabi/12.3.1/thumb/v7e-m+fp/hard\libgcc.a(_udivmoddi4.o)
 .ARM.attributes
                0x000006c8       0x22 E:/BTVN/Nam 3/Vi xu ly/STM32CubeIDE_1.7.0/STM32CubeIDE/plugins/com.st.stm32cube.ide.mcu.externaltools.gnu-tools-for-stm32.12.3.rel1.win32_1.0.200.202406191623/tools/bin/../lib/gcc/arm-none-eabi/12.3.1/thumb/v7e-m+fp/hard\libgcc.a(_dvmd_tls.o)
 .ARM.attributes
                0x000006ea       0x22 E:/BTVN/Nam 3/Vi xu ly/STM32CubeIDE_1.7.0/STM32CubeIDE/plugins/com.st.stm32cube.ide.mcu.externaltools.gnu-tools-for-stm32.12.3.rel1.win32_1.0.200.202406191623/tools/bin/../lib/gcc/arm-none-eabi/12.3.1/thumb/v7e-m+fp/hard/crtn.o
OUTPUT(Bai4_I2C_Realtimeclock.elf elf32-littlearm)
LOAD linker stubs
LOAD E:/BTVN/Nam 3/Vi xu ly/STM32CubeIDE_1.7.0/STM32CubeIDE/plugins/com.st.stm32cube.ide.mcu.externaltools.gnu-tools-for-stm32.12.3.rel1.win32_1.0.200.202406191623/tools/bin/../lib/gcc/arm-none-eabi/12.3.1/../../../../arm-none-eabi/lib/thumb/v7e-m+fp/hard\libc.a
LOAD E:/BTVN/Nam 3/Vi xu ly/STM32CubeIDE_1.7.0/STM32CubeIDE/plugins/com.st.stm32cube.ide.mcu.externaltools.gnu-tools-for-stm32.12.3.rel1.win32_1.0.200.202406191623/tools/bin/../lib/gcc/arm-none-eabi/12.3.1/../../../../arm-none-eabi/lib/thumb/v7e-m+fp/hard\libm.a
LOAD E:/BTVN/Nam 3/Vi xu ly/STM32CubeIDE_1.7.0/STM32CubeIDE/plugins/com.st.stm32cube.ide.mcu.externaltools.gnu-tools-for-stm32.12.3.rel1.win32_1.0.200.202406191623/tools/bin/../lib/gcc/arm-none-eabi/12.3.1/thumb/v7e-m+fp/hard\libgcc.a

.debug_info     0x00000000    0x1288f
 .debug_info    0x00000000      0x76e ./Core/Src/button.o
 .debug_info    0x0000076e      0x39a ./Core/Src/clock.o
 .debug_info    0x00000b08      0x7d5 ./Core/Src/ds3231.o
 .debug_info    0x000012dd      0x99a ./Core/Src/fsmc.o
 .debug_info    0x00001c77      0x45d ./Core/Src/gpio.o
 .debug_info    0x000020d4      0x968 ./Core/Src/i2c.o
 .debug_info    0x00002a3c      0xe15 ./Core/Src/lcd.o
 .debug_info    0x00003851      0x803 ./Core/Src/led_7seg.o
 .debug_info    0x00004054      0x907 ./Core/Src/main.o
 .debug_info    0x0000495b      0x7f8 ./Core/Src/software_timer.o
 .debug_info    0x00005153      0x943 ./Core/Src/spi.o
 .debug_info    0x00005a96      0x269 ./Core/Src/stm32f4xx_hal_msp.o
 .debug_info    0x00005cff      0x6e1 ./Core/Src/stm32f4xx_it.o
 .debug_info    0x000063e0      0x512 ./Core/Src/system_stm32f4xx.o
 .debug_info    0x000068f2      0xbf9 ./Core/Src/tim.o
 .debug_info    0x000074eb       0xd5 ./Core/Src/utils.o
 .debug_info    0x000075c0       0x30 ./Core/Startup/startup_stm32f407zetx.o
 .debug_info    0x000075f0      0x948 ./Drivers/STM32F4xx_HAL_Driver/Src/stm32f4xx_hal.o
 .debug_info    0x00007f38      0xd46 ./Drivers/STM32F4xx_HAL_Driver/Src/stm32f4xx_hal_cortex.o
 .debug_info    0x00008c7e      0x6c3 ./Drivers/STM32F4xx_HAL_Driver/Src/stm32f4xx_hal_gpio.o
 .debug_info    0x00009341     0x23e1 ./Drivers/STM32F4xx_HAL_Driver/Src/stm32f4xx_hal_i2c.o
 .debug_info    0x0000b722      0x8b1 ./Drivers/STM32F4xx_HAL_Driver/Src/stm32f4xx_hal_rcc.o
 .debug_info    0x0000bfd3     0x15fb ./Drivers/STM32F4xx_HAL_Driver/Src/stm32f4xx_hal_spi.o
 .debug_info    0x0000d5ce      0xb3e ./Drivers/STM32F4xx_HAL_Driver/Src/stm32f4xx_hal_sram.o
 .debug_info    0x0000e10c     0x2949 ./Drivers/STM32F4xx_HAL_Driver/Src/stm32f4xx_hal_tim.o
 .debug_info    0x00010a55     0x14ae ./Drivers/STM32F4xx_HAL_Driver/Src/stm32f4xx_hal_tim_ex.o
 .debug_info    0x00011f03      0x98c ./Drivers/STM32F4xx_HAL_Driver/Src/stm32f4xx_ll_fsmc.o

.debug_abbrev   0x00000000     0x341c
 .debug_abbrev  0x00000000      0x1dd ./Core/Src/button.o
 .debug_abbrev  0x000001dd      0x196 ./Core/Src/clock.o
 .debug_abbrev  0x00000373      0x1cf ./Core/Src/ds3231.o
 .debug_abbrev  0x00000542      0x215 ./Core/Src/fsmc.o
 .debug_abbrev  0x00000757      0x152 ./Core/Src/gpio.o
 .debug_abbrev  0x000008a9      0x1f1 ./Core/Src/i2c.o
 .debug_abbrev  0x00000a9a      0x32a ./Core/Src/lcd.o
 .debug_abbrev  0x00000dc4      0x1cc ./Core/Src/led_7seg.o
 .debug_abbrev  0x00000f90      0x2d4 ./Core/Src/main.o
 .debug_abbrev  0x00001264      0x215 ./Core/Src/software_timer.o
 .debug_abbrev  0x00001479      0x1f3 ./Core/Src/spi.o
 .debug_abbrev  0x0000166c       0xd8 ./Core/Src/stm32f4xx_hal_msp.o
 .debug_abbrev  0x00001744      0x192 ./Core/Src/stm32f4xx_it.o
 .debug_abbrev  0x000018d6      0x11a ./Core/Src/system_stm32f4xx.o
 .debug_abbrev  0x000019f0      0x1f0 ./Core/Src/tim.o
 .debug_abbrev  0x00001be0       0x86 ./Core/Src/utils.o
 .debug_abbrev  0x00001c66       0x24 ./Core/Startup/startup_stm32f407zetx.o
 .debug_abbrev  0x00001c8a      0x213 ./Drivers/STM32F4xx_HAL_Driver/Src/stm32f4xx_hal.o
 .debug_abbrev  0x00001e9d      0x327 ./Drivers/STM32F4xx_HAL_Driver/Src/stm32f4xx_hal_cortex.o
 .debug_abbrev  0x000021c4      0x1d4 ./Drivers/STM32F4xx_HAL_Driver/Src/stm32f4xx_hal_gpio.o
 .debug_abbrev  0x00002398      0x2ad ./Drivers/STM32F4xx_HAL_Driver/Src/stm32f4xx_hal_i2c.o
 .debug_abbrev  0x00002645      0x2b6 ./Drivers/STM32F4xx_HAL_Driver/Src/stm32f4xx_hal_rcc.o
 .debug_abbrev  0x000028fb      0x284 ./Drivers/STM32F4xx_HAL_Driver/Src/stm32f4xx_hal_spi.o
 .debug_abbrev  0x00002b7f      0x208 ./Drivers/STM32F4xx_HAL_Driver/Src/stm32f4xx_hal_sram.o
 .debug_abbrev  0x00002d87      0x271 ./Drivers/STM32F4xx_HAL_Driver/Src/stm32f4xx_hal_tim.o
 .debug_abbrev  0x00002ff8      0x27c ./Drivers/STM32F4xx_HAL_Driver/Src/stm32f4xx_hal_tim_ex.o
 .debug_abbrev  0x00003274      0x1a8 ./Drivers/STM32F4xx_HAL_Driver/Src/stm32f4xx_ll_fsmc.o

.debug_aranges  0x00000000     0x1248
 .debug_aranges
                0x00000000       0x28 ./Core/Src/button.o
 .debug_aranges
                0x00000028       0x38 ./Core/Src/clock.o
 .debug_aranges
                0x00000060       0x30 ./Core/Src/ds3231.o
 .debug_aranges
                0x00000090       0x40 ./Core/Src/fsmc.o
 .debug_aranges
                0x000000d0       0x20 ./Core/Src/gpio.o
 .debug_aranges
                0x000000f0       0x30 ./Core/Src/i2c.o
 .debug_aranges
                0x00000120       0xe8 ./Core/Src/lcd.o
 .debug_aranges
                0x00000208       0x48 ./Core/Src/led_7seg.o
 .debug_aranges
                0x00000250       0x80 ./Core/Src/main.o
 .debug_aranges
                0x000002d0       0x40 ./Core/Src/software_timer.o
 .debug_aranges
                0x00000310       0x30 ./Core/Src/spi.o
 .debug_aranges
                0x00000340       0x20 ./Core/Src/stm32f4xx_hal_msp.o
 .debug_aranges
                0x00000360       0x68 ./Core/Src/stm32f4xx_it.o
 .debug_aranges
                0x000003c8       0x28 ./Core/Src/system_stm32f4xx.o
 .debug_aranges
                0x000003f0       0x30 ./Core/Src/tim.o
 .debug_aranges
                0x00000420       0x28 ./Core/Src/utils.o
 .debug_aranges
                0x00000448       0x28 ./Core/Startup/startup_stm32f407zetx.o
 .debug_aranges
                0x00000470       0xf0 ./Drivers/STM32F4xx_HAL_Driver/Src/stm32f4xx_hal.o
 .debug_aranges
                0x00000560      0x118 ./Drivers/STM32F4xx_HAL_Driver/Src/stm32f4xx_hal_cortex.o
 .debug_aranges
                0x00000678       0x58 ./Drivers/STM32F4xx_HAL_Driver/Src/stm32f4xx_hal_gpio.o
 .debug_aranges
                0x000006d0      0x2a0 ./Drivers/STM32F4xx_HAL_Driver/Src/stm32f4xx_hal_i2c.o
 .debug_aranges
                0x00000970       0x88 ./Drivers/STM32F4xx_HAL_Driver/Src/stm32f4xx_hal_rcc.o
 .debug_aranges
                0x000009f8      0x1d0 ./Drivers/STM32F4xx_HAL_Driver/Src/stm32f4xx_hal_spi.o
 .debug_aranges
                0x00000bc8       0xa0 ./Drivers/STM32F4xx_HAL_Driver/Src/stm32f4xx_hal_sram.o
 .debug_aranges
                0x00000c68      0x3d0 ./Drivers/STM32F4xx_HAL_Driver/Src/stm32f4xx_hal_tim.o
 .debug_aranges
                0x00001038      0x168 ./Drivers/STM32F4xx_HAL_Driver/Src/stm32f4xx_hal_tim_ex.o
 .debug_aranges
                0x000011a0       0xa8 ./Drivers/STM32F4xx_HAL_Driver/Src/stm32f4xx_ll_fsmc.o

.debug_rnglists
                0x00000000      0xe20
 .debug_rnglists
                0x00000000       0x1a ./Core/Src/button.o
 .debug_rnglists
                0x0000001a       0x27 ./Core/Src/clock.o
 .debug_rnglists
                0x00000041       0x21 ./Core/Src/ds3231.o
 .debug_rnglists
                0x00000062       0x2d ./Core/Src/fsmc.o
 .debug_rnglists
                0x0000008f       0x14 ./Core/Src/gpio.o
 .debug_rnglists
                0x000000a3       0x20 ./Core/Src/i2c.o
 .debug_rnglists
                0x000000c3       0xb5 ./Core/Src/lcd.o
 .debug_rnglists
                0x00000178       0x32 ./Core/Src/led_7seg.o
 .debug_rnglists
                0x000001aa       0x60 ./Core/Src/main.o
 .debug_rnglists
                0x0000020a       0x2c ./Core/Src/software_timer.o
 .debug_rnglists
                0x00000236       0x20 ./Core/Src/spi.o
 .debug_rnglists
                0x00000256       0x13 ./Core/Src/stm32f4xx_hal_msp.o
 .debug_rnglists
                0x00000269       0x49 ./Core/Src/stm32f4xx_it.o
 .debug_rnglists
                0x000002b2       0x1a ./Core/Src/system_stm32f4xx.o
 .debug_rnglists
                0x000002cc       0x20 ./Core/Src/tim.o
 .debug_rnglists
                0x000002ec       0x19 ./Core/Src/utils.o
 .debug_rnglists
                0x00000305       0x19 ./Core/Startup/startup_stm32f407zetx.o
 .debug_rnglists
                0x0000031e       0xaf ./Drivers/STM32F4xx_HAL_Driver/Src/stm32f4xx_hal.o
 .debug_rnglists
                0x000003cd       0xce ./Drivers/STM32F4xx_HAL_Driver/Src/stm32f4xx_hal_cortex.o
 .debug_rnglists
                0x0000049b       0x3f ./Drivers/STM32F4xx_HAL_Driver/Src/stm32f4xx_hal_gpio.o
 .debug_rnglists
                0x000004da      0x23f ./Drivers/STM32F4xx_HAL_Driver/Src/stm32f4xx_hal_i2c.o
 .debug_rnglists
                0x00000719       0x66 ./Drivers/STM32F4xx_HAL_Driver/Src/stm32f4xx_hal_rcc.o
 .debug_rnglists
                0x0000077f      0x16f ./Drivers/STM32F4xx_HAL_Driver/Src/stm32f4xx_hal_spi.o
 .debug_rnglists
                0x000008ee       0x76 ./Drivers/STM32F4xx_HAL_Driver/Src/stm32f4xx_hal_sram.o
 .debug_rnglists
                0x00000964      0x31a ./Drivers/STM32F4xx_HAL_Driver/Src/stm32f4xx_hal_tim.o
 .debug_rnglists
                0x00000c7e      0x125 ./Drivers/STM32F4xx_HAL_Driver/Src/stm32f4xx_hal_tim_ex.o
 .debug_rnglists
                0x00000da3       0x7d ./Drivers/STM32F4xx_HAL_Driver/Src/stm32f4xx_ll_fsmc.o

.debug_macro    0x00000000    0x23567
 .debug_macro   0x00000000      0x230 ./Core/Src/button.o
 .debug_macro   0x00000230      0xab4 ./Core/Src/button.o
 .debug_macro   0x00000ce4      0x2a7 ./Core/Src/button.o
 .debug_macro   0x00000f8b       0x2e ./Core/Src/button.o
 .debug_macro   0x00000fb9       0x2f ./Core/Src/button.o
 .debug_macro   0x00000fe8       0x22 ./Core/Src/button.o
 .debug_macro   0x0000100a       0x8e ./Core/Src/button.o
 .debug_macro   0x00001098       0x51 ./Core/Src/button.o
 .debug_macro   0x000010e9      0x103 ./Core/Src/button.o
 .debug_macro   0x000011ec       0x6a ./Core/Src/button.o
 .debug_macro   0x00001256      0x1df ./Core/Src/button.o
 .debug_macro   0x00001435       0x1c ./Core/Src/button.o
 .debug_macro   0x00001451       0x22 ./Core/Src/button.o
 .debug_macro   0x00001473       0xd9 ./Core/Src/button.o
 .debug_macro   0x0000154c     0x102d ./Core/Src/button.o
 .debug_macro   0x00002579      0x11f ./Core/Src/button.o
 .debug_macro   0x00002698    0x15e58 ./Core/Src/button.o
 .debug_macro   0x000184f0       0x6d ./Core/Src/button.o
 .debug_macro   0x0001855d     0x3666 ./Core/Src/button.o
 .debug_macro   0x0001bbc3      0x189 ./Core/Src/button.o
 .debug_macro   0x0001bd4c       0x5c ./Core/Src/button.o
 .debug_macro   0x0001bda8      0x96b ./Core/Src/button.o
 .debug_macro   0x0001c713      0x9fe ./Core/Src/button.o
 .debug_macro   0x0001d111      0x116 ./Core/Src/button.o
 .debug_macro   0x0001d227      0x13e ./Core/Src/button.o
 .debug_macro   0x0001d365       0xa5 ./Core/Src/button.o
 .debug_macro   0x0001d40a      0x174 ./Core/Src/button.o
 .debug_macro   0x0001d57e      0x287 ./Core/Src/button.o
 .debug_macro   0x0001d805       0x5f ./Core/Src/button.o
 .debug_macro   0x0001d864      0x236 ./Core/Src/button.o
 .debug_macro   0x0001da9a      0x12c ./Core/Src/button.o
 .debug_macro   0x0001dbc6      0x21e ./Core/Src/button.o
 .debug_macro   0x0001dde4       0x2e ./Core/Src/button.o
 .debug_macro   0x0001de12      0x543 ./Core/Src/button.o
 .debug_macro   0x0001e355      0x1b5 ./Core/Src/button.o
 .debug_macro   0x0001e50a       0xd6 ./Core/Src/button.o
 .debug_macro   0x0001e5e0      0x11a ./Core/Src/button.o
 .debug_macro   0x0001e6fa       0x7e ./Core/Src/button.o
 .debug_macro   0x0001e778       0x89 ./Core/Src/button.o
 .debug_macro   0x0001e801      0x225 ./Core/Src/button.o
 .debug_macro   0x0001ea26      0x8d1 ./Core/Src/button.o
 .debug_macro   0x0001f2f7       0x47 ./Core/Src/button.o
 .debug_macro   0x0001f33e      0x12d ./Core/Src/button.o
 .debug_macro   0x0001f46b       0x88 ./Core/Src/button.o
 .debug_macro   0x0001f4f3      0x37b ./Core/Src/clock.o
 .debug_macro   0x0001f86e       0x1c ./Core/Src/clock.o
 .debug_macro   0x0001f88a       0x2a ./Core/Src/clock.o
 .debug_macro   0x0001f8b4       0x61 ./Core/Src/clock.o
 .debug_macro   0x0001f915       0x43 ./Core/Src/clock.o
 .debug_macro   0x0001f958       0x34 ./Core/Src/clock.o
 .debug_macro   0x0001f98c       0x16 ./Core/Src/clock.o
 .debug_macro   0x0001f9a2       0x35 ./Core/Src/clock.o
 .debug_macro   0x0001f9d7       0x16 ./Core/Src/clock.o
 .debug_macro   0x0001f9ed       0x43 ./Core/Src/clock.o
 .debug_macro   0x0001fa30       0x34 ./Core/Src/clock.o
 .debug_macro   0x0001fa64       0x10 ./Core/Src/clock.o
 .debug_macro   0x0001fa74       0x58 ./Core/Src/clock.o
 .debug_macro   0x0001facc       0x8e ./Core/Src/clock.o
 .debug_macro   0x0001fb5a       0x1c ./Core/Src/clock.o
 .debug_macro   0x0001fb76      0x177 ./Core/Src/clock.o
 .debug_macro   0x0001fced      0x369 ./Core/Src/clock.o
 .debug_macro   0x00020056       0x16 ./Core/Src/clock.o
 .debug_macro   0x0002006c       0x29 ./Core/Src/clock.o
 .debug_macro   0x00020095       0x16 ./Core/Src/clock.o
 .debug_macro   0x000200ab       0x20 ./Core/Src/clock.o
 .debug_macro   0x000200cb       0xca ./Core/Src/clock.o
 .debug_macro   0x00020195       0x2e ./Core/Src/clock.o
 .debug_macro   0x000201c3      0x23b ./Core/Src/ds3231.o
 .debug_macro   0x000203fe      0x21c ./Core/Src/fsmc.o
 .debug_macro   0x0002061a      0x21c ./Core/Src/gpio.o
 .debug_macro   0x00020836      0x21c ./Core/Src/i2c.o
 .debug_macro   0x00020a52      0x331 ./Core/Src/lcd.o
 .debug_macro   0x00020d83      0x226 ./Core/Src/led_7seg.o
 .debug_macro   0x00020fa9      0x3bd ./Core/Src/main.o
 .debug_macro   0x00021366      0x22c ./Core/Src/software_timer.o
 .debug_macro   0x00021592      0x21c ./Core/Src/spi.o
 .debug_macro   0x000217ae      0x212 ./Core/Src/stm32f4xx_hal_msp.o
 .debug_macro   0x000219c0      0x21c ./Core/Src/stm32f4xx_it.o
 .debug_macro   0x00021bdc      0x203 ./Core/Src/system_stm32f4xx.o
 .debug_macro   0x00021ddf      0x21c ./Core/Src/tim.o
 .debug_macro   0x00021ffb       0x6d ./Core/Src/utils.o
 .debug_macro   0x00022068      0x263 ./Drivers/STM32F4xx_HAL_Driver/Src/stm32f4xx_hal.o
 .debug_macro   0x000222cb      0x203 ./Drivers/STM32F4xx_HAL_Driver/Src/stm32f4xx_hal_cortex.o
 .debug_macro   0x000224ce      0x209 ./Drivers/STM32F4xx_HAL_Driver/Src/stm32f4xx_hal_gpio.o
 .debug_macro   0x000226d7      0x24a ./Drivers/STM32F4xx_HAL_Driver/Src/stm32f4xx_hal_i2c.o
 .debug_macro   0x00022921      0x227 ./Drivers/STM32F4xx_HAL_Driver/Src/stm32f4xx_hal_rcc.o
 .debug_macro   0x00022b48      0x212 ./Drivers/STM32F4xx_HAL_Driver/Src/stm32f4xx_hal_spi.o
 .debug_macro   0x00022d5a      0x203 ./Drivers/STM32F4xx_HAL_Driver/Src/stm32f4xx_hal_sram.o
 .debug_macro   0x00022f5d      0x204 ./Drivers/STM32F4xx_HAL_Driver/Src/stm32f4xx_hal_tim.o
 .debug_macro   0x00023161      0x203 ./Drivers/STM32F4xx_HAL_Driver/Src/stm32f4xx_hal_tim_ex.o
 .debug_macro   0x00023364      0x203 ./Drivers/STM32F4xx_HAL_Driver/Src/stm32f4xx_ll_fsmc.o

.debug_line     0x00000000    0x19926
 .debug_line    0x00000000      0x8d4 ./Core/Src/button.o
 .debug_line    0x000008d4      0xd7d ./Core/Src/clock.o
 .debug_line    0x00001651      0x8ec ./Core/Src/ds3231.o
 .debug_line    0x00001f3d      0x949 ./Core/Src/fsmc.o
 .debug_line    0x00002886      0x8a7 ./Core/Src/gpio.o
 .debug_line    0x0000312d      0x8b2 ./Core/Src/i2c.o
 .debug_line    0x000039df     0x1275 ./Core/Src/lcd.o
 .debug_line    0x00004c54      0x941 ./Core/Src/led_7seg.o
 .debug_line    0x00005595      0xdf3 ./Core/Src/main.o
 .debug_line    0x00006388      0x914 ./Core/Src/software_timer.o
 .debug_line    0x00006c9c      0x8ba ./Core/Src/spi.o
 .debug_line    0x00007556      0x849 ./Core/Src/stm32f4xx_hal_msp.o
 .debug_line    0x00007d9f      0x923 ./Core/Src/stm32f4xx_it.o
 .debug_line    0x000086c2      0x8cd ./Core/Src/system_stm32f4xx.o
 .debug_line    0x00008f8f      0x8b6 ./Core/Src/tim.o
 .debug_line    0x00009845      0x4e5 ./Core/Src/utils.o
 .debug_line    0x00009d2a       0x7a ./Core/Startup/startup_stm32f407zetx.o
 .debug_line    0x00009da4      0xb36 ./Drivers/STM32F4xx_HAL_Driver/Src/stm32f4xx_hal.o
 .debug_line    0x0000a8da      0xde3 ./Drivers/STM32F4xx_HAL_Driver/Src/stm32f4xx_hal_cortex.o
 .debug_line    0x0000b6bd      0xcc4 ./Drivers/STM32F4xx_HAL_Driver/Src/stm32f4xx_hal_gpio.o
 .debug_line    0x0000c381     0x3bd3 ./Drivers/STM32F4xx_HAL_Driver/Src/stm32f4xx_hal_i2c.o
 .debug_line    0x0000ff54      0xea9 ./Drivers/STM32F4xx_HAL_Driver/Src/stm32f4xx_hal_rcc.o
 .debug_line    0x00010dfd     0x1de9 ./Drivers/STM32F4xx_HAL_Driver/Src/stm32f4xx_hal_spi.o
 .debug_line    0x00012be6      0xcd2 ./Drivers/STM32F4xx_HAL_Driver/Src/stm32f4xx_hal_sram.o
 .debug_line    0x000138b8     0x3846 ./Drivers/STM32F4xx_HAL_Driver/Src/stm32f4xx_hal_tim.o
 .debug_line    0x000170fe     0x1b2d ./Drivers/STM32F4xx_HAL_Driver/Src/stm32f4xx_hal_tim_ex.o
 .debug_line    0x00018c2b      0xcfb ./Drivers/STM32F4xx_HAL_Driver/Src/stm32f4xx_ll_fsmc.o

.debug_str      0x00000000    0xcf977
 .debug_str     0x00000000    0xc789d ./Core/Src/button.o
                              0xc7baa (size before relaxing)
 .debug_str     0x000c789d     0x3631 ./Core/Src/clock.o
                              0xcaccd (size before relaxing)
 .debug_str     0x000caece      0x317 ./Core/Src/ds3231.o
                              0xc7d08 (size before relaxing)
 .debug_str     0x000cb1e5      0x3ef ./Core/Src/fsmc.o
                              0xc7d6f (size before relaxing)
 .debug_str     0x000cb5d4       0x20 ./Core/Src/gpio.o
                              0xc781d (size before relaxing)
 .debug_str     0x000cb5f4       0x58 ./Core/Src/i2c.o
                              0xc7d4c (size before relaxing)
 .debug_str     0x000cb64c      0x2b6 ./Core/Src/lcd.o
                              0xcadec (size before relaxing)
 .debug_str     0x000cb902       0xa9 ./Core/Src/led_7seg.o
                              0xc7be7 (size before relaxing)
 .debug_str     0x000cb9ab      0x270 ./Core/Src/main.o
                              0xcb14d (size before relaxing)
 .debug_str     0x000cbc1b      0x327 ./Core/Src/software_timer.o
                              0xc7ccc (size before relaxing)
 .debug_str     0x000cbf42       0x4b ./Core/Src/spi.o
                              0xc7ca9 (size before relaxing)
 .debug_str     0x000cbf8d       0x2c ./Core/Src/stm32f4xx_hal_msp.o
                              0xc7752 (size before relaxing)
 .debug_str     0x000cbfb9       0xec ./Core/Src/stm32f4xx_it.o
                              0xc7c36 (size before relaxing)
 .debug_str     0x000cc0a5       0xdb ./Core/Src/system_stm32f4xx.o
                              0xc75e0 (size before relaxing)
 .debug_str     0x000cc180      0x653 ./Core/Src/tim.o
                              0xc8327 (size before relaxing)
 .debug_str     0x000cc7d3       0x14 ./Core/Src/utils.o
                               0x3d67 (size before relaxing)
 .debug_str     0x000cc7e7       0x44 ./Core/Startup/startup_stm32f407zetx.o
                                 0xa3 (size before relaxing)
 .debug_str     0x000cc82b      0x603 ./Drivers/STM32F4xx_HAL_Driver/Src/stm32f4xx_hal.o
                              0xc8164 (size before relaxing)
 .debug_str     0x000cce2e      0x32d ./Drivers/STM32F4xx_HAL_Driver/Src/stm32f4xx_hal_cortex.o
                              0xc7e97 (size before relaxing)
 .debug_str     0x000cd15b      0x109 ./Drivers/STM32F4xx_HAL_Driver/Src/stm32f4xx_hal_gpio.o
                              0xc775b (size before relaxing)
 .debug_str     0x000cd264      0xad6 ./Drivers/STM32F4xx_HAL_Driver/Src/stm32f4xx_hal_i2c.o
                              0xc85ab (size before relaxing)
 .debug_str     0x000cdd3a      0x213 ./Drivers/STM32F4xx_HAL_Driver/Src/stm32f4xx_hal_rcc.o
                              0xc7a14 (size before relaxing)
 .debug_str     0x000cdf4d      0x544 ./Drivers/STM32F4xx_HAL_Driver/Src/stm32f4xx_hal_spi.o
                              0xc7ea4 (size before relaxing)
 .debug_str     0x000ce491      0x1a6 ./Drivers/STM32F4xx_HAL_Driver/Src/stm32f4xx_hal_sram.o
                              0xc7b87 (size before relaxing)
 .debug_str     0x000ce637      0xda8 ./Drivers/STM32F4xx_HAL_Driver/Src/stm32f4xx_hal_tim.o
                              0xc895a (size before relaxing)
 .debug_str     0x000cf3df      0x493 ./Drivers/STM32F4xx_HAL_Driver/Src/stm32f4xx_hal_tim_ex.o
                              0xc8176 (size before relaxing)
 .debug_str     0x000cf872      0x105 ./Drivers/STM32F4xx_HAL_Driver/Src/stm32f4xx_ll_fsmc.o
                              0xc798f (size before relaxing)

.comment        0x00000000       0x43
 .comment       0x00000000       0x43 ./Core/Src/button.o
                                 0x44 (size before relaxing)
 .comment       0x00000043       0x44 ./Core/Src/clock.o
 .comment       0x00000043       0x44 ./Core/Src/ds3231.o
 .comment       0x00000043       0x44 ./Core/Src/fsmc.o
 .comment       0x00000043       0x44 ./Core/Src/gpio.o
 .comment       0x00000043       0x44 ./Core/Src/i2c.o
 .comment       0x00000043       0x44 ./Core/Src/lcd.o
 .comment       0x00000043       0x44 ./Core/Src/led_7seg.o
 .comment       0x00000043       0x44 ./Core/Src/main.o
 .comment       0x00000043       0x44 ./Core/Src/software_timer.o
 .comment       0x00000043       0x44 ./Core/Src/spi.o
 .comment       0x00000043       0x44 ./Core/Src/stm32f4xx_hal_msp.o
 .comment       0x00000043       0x44 ./Core/Src/stm32f4xx_it.o
 .comment       0x00000043       0x44 ./Core/Src/system_stm32f4xx.o
 .comment       0x00000043       0x44 ./Core/Src/tim.o
 .comment       0x00000043       0x44 ./Core/Src/utils.o
 .comment       0x00000043       0x44 ./Drivers/STM32F4xx_HAL_Driver/Src/stm32f4xx_hal.o
 .comment       0x00000043       0x44 ./Drivers/STM32F4xx_HAL_Driver/Src/stm32f4xx_hal_cortex.o
 .comment       0x00000043       0x44 ./Drivers/STM32F4xx_HAL_Driver/Src/stm32f4xx_hal_gpio.o
 .comment       0x00000043       0x44 ./Drivers/STM32F4xx_HAL_Driver/Src/stm32f4xx_hal_i2c.o
 .comment       0x00000043       0x44 ./Drivers/STM32F4xx_HAL_Driver/Src/stm32f4xx_hal_rcc.o
 .comment       0x00000043       0x44 ./Drivers/STM32F4xx_HAL_Driver/Src/stm32f4xx_hal_spi.o
 .comment       0x00000043       0x44 ./Drivers/STM32F4xx_HAL_Driver/Src/stm32f4xx_hal_sram.o
 .comment       0x00000043       0x44 ./Drivers/STM32F4xx_HAL_Driver/Src/stm32f4xx_hal_tim.o
 .comment       0x00000043       0x44 ./Drivers/STM32F4xx_HAL_Driver/Src/stm32f4xx_hal_tim_ex.o
 .comment       0x00000043       0x44 ./Drivers/STM32F4xx_HAL_Driver/Src/stm32f4xx_ll_fsmc.o

.debug_frame    0x00000000     0x4b20
 .debug_frame   0x00000000       0x50 ./Core/Src/button.o
 .debug_frame   0x00000050       0x9c ./Core/Src/clock.o
 .debug_frame   0x000000ec       0x74 ./Core/Src/ds3231.o
 .debug_frame   0x00000160       0xbc ./Core/Src/fsmc.o
 .debug_frame   0x0000021c       0x34 ./Core/Src/gpio.o
 .debug_frame   0x00000250       0x74 ./Core/Src/i2c.o
 .debug_frame   0x000002c4      0x3e0 ./Core/Src/lcd.o
 .debug_frame   0x000006a4       0xe8 ./Core/Src/led_7seg.o
 .debug_frame   0x0000078c      0x1b4 ./Core/Src/main.o
 .debug_frame   0x00000940       0xc8 ./Core/Src/software_timer.o
 .debug_frame   0x00000a08       0x74 ./Core/Src/spi.o
 .debug_frame   0x00000a7c       0x38 ./Core/Src/stm32f4xx_hal_msp.o
 .debug_frame   0x00000ab4      0x120 ./Core/Src/stm32f4xx_it.o
 .debug_frame   0x00000bd4       0x58 ./Core/Src/system_stm32f4xx.o
 .debug_frame   0x00000c2c       0x7c ./Core/Src/tim.o
 .debug_frame   0x00000ca8       0x60 ./Core/Src/utils.o
 .debug_frame   0x00000d08      0x374 ./Drivers/STM32F4xx_HAL_Driver/Src/stm32f4xx_hal.o
 .debug_frame   0x0000107c      0x498 ./Drivers/STM32F4xx_HAL_Driver/Src/stm32f4xx_hal_cortex.o
 .debug_frame   0x00001514      0x14c ./Drivers/STM32F4xx_HAL_Driver/Src/stm32f4xx_hal_gpio.o
 .debug_frame   0x00001660      0xc5c ./Drivers/STM32F4xx_HAL_Driver/Src/stm32f4xx_hal_i2c.o
 .debug_frame   0x000022bc      0x1f4 ./Drivers/STM32F4xx_HAL_Driver/Src/stm32f4xx_hal_rcc.o
 .debug_frame   0x000024b0      0x824 ./Drivers/STM32F4xx_HAL_Driver/Src/stm32f4xx_hal_spi.o
 .debug_frame   0x00002cd4      0x2a0 ./Drivers/STM32F4xx_HAL_Driver/Src/stm32f4xx_hal_sram.o
 .debug_frame   0x00002f74     0x11c4 ./Drivers/STM32F4xx_HAL_Driver/Src/stm32f4xx_hal_tim.o
 .debug_frame   0x00004138      0x638 ./Drivers/STM32F4xx_HAL_Driver/Src/stm32f4xx_hal_tim_ex.o
 .debug_frame   0x00004770      0x2dc ./Drivers/STM32F4xx_HAL_Driver/Src/stm32f4xx_ll_fsmc.o
 .debug_frame   0x00004a4c       0x20 E:/BTVN/Nam 3/Vi xu ly/STM32CubeIDE_1.7.0/STM32CubeIDE/plugins/com.st.stm32cube.ide.mcu.externaltools.gnu-tools-for-stm32.12.3.rel1.win32_1.0.200.202406191623/tools/bin/../lib/gcc/arm-none-eabi/12.3.1/../../../../arm-none-eabi/lib/thumb/v7e-m+fp/hard\libc_nano.a(libc_a-memset.o)
 .debug_frame   0x00004a6c       0x28 E:/BTVN/Nam 3/Vi xu ly/STM32CubeIDE_1.7.0/STM32CubeIDE/plugins/com.st.stm32cube.ide.mcu.externaltools.gnu-tools-for-stm32.12.3.rel1.win32_1.0.200.202406191623/tools/bin/../lib/gcc/arm-none-eabi/12.3.1/../../../../arm-none-eabi/lib/thumb/v7e-m+fp/hard\libc_nano.a(libc_a-strcat.o)
 .debug_frame   0x00004a94       0x2c E:/BTVN/Nam 3/Vi xu ly/STM32CubeIDE_1.7.0/STM32CubeIDE/plugins/com.st.stm32cube.ide.mcu.externaltools.gnu-tools-for-stm32.12.3.rel1.win32_1.0.200.202406191623/tools/bin/../lib/gcc/arm-none-eabi/12.3.1/../../../../arm-none-eabi/lib/thumb/v7e-m+fp/hard\libc_nano.a(libc_a-init.o)
 .debug_frame   0x00004ac0       0x2c E:/BTVN/Nam 3/Vi xu ly/STM32CubeIDE_1.7.0/STM32CubeIDE/plugins/com.st.stm32cube.ide.mcu.externaltools.gnu-tools-for-stm32.12.3.rel1.win32_1.0.200.202406191623/tools/bin/../lib/gcc/arm-none-eabi/12.3.1/thumb/v7e-m+fp/hard\libgcc.a(_aeabi_uldivmod.o)
 .debug_frame   0x00004aec       0x34 E:/BTVN/Nam 3/Vi xu ly/STM32CubeIDE_1.7.0/STM32CubeIDE/plugins/com.st.stm32cube.ide.mcu.externaltools.gnu-tools-for-stm32.12.3.rel1.win32_1.0.200.202406191623/tools/bin/../lib/gcc/arm-none-eabi/12.3.1/thumb/v7e-m+fp/hard\libgcc.a(_udivmoddi4.o)

.debug_line_str
                0x00000000       0x87
 .debug_line_str
                0x00000000       0x87 ./Core/Startup/startup_stm32f407zetx.o
