../Core/Src/main.c:79:5:main	16	static
../Core/Src/main.c:153:6:SystemClock_Config	88	static
../Core/Src/main.c:194:6:system_init	8	static
../Core/Src/main.c:207:6:test_LedDebug	8	static
../Core/Src/main.c:214:6:test_7seg	8	static
../Core/Src/main.c:220:6:test_button	16	static
../Core/Src/main.c:229:6:updateTime	8	static
../Core/Src/main.c:239:9:isButtonUp	4	static
../Core/Src/main.c:246:9:isButtonDown	4	static
../Core/Src/main.c:253:6:displayTime	24	static
../Core/Src/main.c:262:6:Flashing_cal	32	static
../Core/Src/main.c:330:6:Flashing_alarm	32	static
../Core/Src/main.c:362:6:Error_Handler	4	static,ignoring_inline_asm
