../Core/Src/main.c:79:5:main	16	static
../Core/Src/main.c:156:6:SystemClock_Config	88	static
../Core/Src/main.c:197:6:system_init	8	static
../Core/Src/main.c:210:6:test_LedDebug	8	static
../Core/Src/main.c:217:6:test_7seg	8	static
../Core/Src/main.c:223:6:test_button	16	static
../Core/Src/main.c:232:6:updateTime	8	static
../Core/Src/main.c:242:9:isButtonUp	4	static
../Core/Src/main.c:249:9:isButtonDown	4	static
../Core/Src/main.c:256:6:displayTime	24	static
../Core/Src/main.c:265:6:Flashing_cal	32	static
../Core/Src/main.c:333:6:Flashing_alarm	32	static
../Core/Src/main.c:365:6:Error_Handler	4	static,ignoring_inline_asm
